Component: Arm Compiler for Embedded 6.18 Tool: armlink [5e4cc100]

==============================================================================

Section Cross References

    startup_stm32f103xe.o(STACK) refers (Special) to heapauxi.o(.text) for __use_two_region_memory
    startup_stm32f103xe.o(HEAP) refers (Special) to heapauxi.o(.text) for __use_two_region_memory
    startup_stm32f103xe.o(RESET) refers (Special) to heapauxi.o(.text) for __use_two_region_memory
    startup_stm32f103xe.o(RESET) refers to startup_stm32f103xe.o(STACK) for __initial_sp
    startup_stm32f103xe.o(RESET) refers to startup_stm32f103xe.o(.text) for Reset_Handler
    startup_stm32f103xe.o(RESET) refers to stm32f1xx_it.o(.text.NMI_Handler) for NMI_Handler
    startup_stm32f103xe.o(RESET) refers to stm32f1xx_it.o(.text.HardFault_Handler) for HardFault_Handler
    startup_stm32f103xe.o(RESET) refers to stm32f1xx_it.o(.text.MemManage_Handler) for MemManage_Handler
    startup_stm32f103xe.o(RESET) refers to stm32f1xx_it.o(.text.BusFault_Handler) for BusFault_Handler
    startup_stm32f103xe.o(RESET) refers to stm32f1xx_it.o(.text.UsageFault_Handler) for UsageFault_Handler
    startup_stm32f103xe.o(RESET) refers to stm32f1xx_it.o(.text.SVC_Handler) for SVC_Handler
    startup_stm32f103xe.o(RESET) refers to stm32f1xx_it.o(.text.DebugMon_Handler) for DebugMon_Handler
    startup_stm32f103xe.o(RESET) refers to stm32f1xx_it.o(.text.PendSV_Handler) for PendSV_Handler
    startup_stm32f103xe.o(RESET) refers to stm32f1xx_it.o(.text.SysTick_Handler) for SysTick_Handler
    startup_stm32f103xe.o(RESET) refers to stm32f1xx_it.o(.text.DMA1_Channel5_IRQHandler) for DMA1_Channel5_IRQHandler
    startup_stm32f103xe.o(RESET) refers to stm32f1xx_it.o(.text.USART1_IRQHandler) for USART1_IRQHandler
    startup_stm32f103xe.o(RESET) refers to stm32f1xx_it.o(.text.USART2_IRQHandler) for USART2_IRQHandler
    startup_stm32f103xe.o(RESET) refers to stm32f1xx_it.o(.text.USART3_IRQHandler) for USART3_IRQHandler
    startup_stm32f103xe.o(RESET) refers to stm32f1xx_it.o(.text.TIM5_IRQHandler) for TIM5_IRQHandler
    startup_stm32f103xe.o(RESET) refers to stm32f1xx_it.o(.text.UART4_IRQHandler) for UART4_IRQHandler
    startup_stm32f103xe.o(RESET) refers to stm32f1xx_it.o(.text.TIM6_IRQHandler) for TIM6_IRQHandler
    startup_stm32f103xe.o(RESET) refers to stm32f1xx_it.o(.text.TIM7_IRQHandler) for TIM7_IRQHandler
    startup_stm32f103xe.o(.text) refers (Special) to heapauxi.o(.text) for __use_two_region_memory
    startup_stm32f103xe.o(.text) refers to system_stm32f1xx.o(.text.SystemInit) for SystemInit
    startup_stm32f103xe.o(.text) refers to __main.o(!!!main) for __main
    startup_stm32f103xe.o(.text) refers to startup_stm32f103xe.o(HEAP) for Heap_Mem
    startup_stm32f103xe.o(.text) refers to startup_stm32f103xe.o(STACK) for Stack_Mem
    actuator.o(.text.set_actuator) refers to fflt_clz.o(x$fpl$fflt) for __aeabi_i2f
    actuator.o(.text.set_actuator) refers to fcmp.o(x$fpl$fcmp) for __aeabi_fcmplt
    actuator.o(.text.set_actuator) refers to fmul.o(x$fpl$fmul) for __aeabi_fmul
    actuator.o(.text.set_actuator) refers to fdiv.o(x$fpl$fdiv) for __aeabi_fdiv
    actuator.o(.text.set_actuator) refers to faddsub_clz.o(x$fpl$fadd) for __aeabi_fadd
    actuator.o(.text.set_actuator) refers to ffix.o(x$fpl$ffix) for __aeabi_f2iz
    actuator.o(.ARM.exidx.text.set_actuator) refers to actuator.o(.text.set_actuator) for [Anonymous Symbol]
    actuator.o(.text.init_actuator_state) refers to actuator.o(.bss.actuator_state) for actuator_state
    actuator.o(.ARM.exidx.text.init_actuator_state) refers to actuator.o(.text.init_actuator_state) for [Anonymous Symbol]
    actuator.o(.text.judge_move) refers to faddsub_clz.o(x$fpl$fsub) for __aeabi_fsub
    actuator.o(.text.judge_move) refers to fdiv.o(x$fpl$fdiv) for __aeabi_fdiv
    actuator.o(.ARM.exidx.text.judge_move) refers to actuator.o(.text.judge_move) for [Anonymous Symbol]
    actuator.o(.ARM.exidx.text.initgesture) refers to actuator.o(.text.initgesture) for [Anonymous Symbol]
    actuator.o(.text.cal_PID) refers to actuator.o(.bss.ptz_targest) for ptz_targest
    actuator.o(.text.cal_PID) refers to fcmp.o(x$fpl$fcmp) for __aeabi_fcmple
    actuator.o(.text.cal_PID) refers to actuator.o(.bss.actuator_state) for actuator_state
    actuator.o(.text.cal_PID) refers to actuator.o(.bss.ptz_move) for ptz_move
    actuator.o(.text.cal_PID) refers to actuator.o(.bss.ptz_curgest) for ptz_curgest
    actuator.o(.text.cal_PID) refers to faddsub_clz.o(x$fpl$fsub) for __aeabi_fsub
    actuator.o(.text.cal_PID) refers to actuator.o(.bss.xpid) for xpid
    actuator.o(.text.cal_PID) refers to pid.o(.text.Incremental_PID) for Incremental_PID
    actuator.o(.text.cal_PID) refers to actuator.o(.bss.ypid) for ypid
    actuator.o(.text.cal_PID) refers to actuator.o(.data.angelx_ch) for angelx_ch
    actuator.o(.text.cal_PID) refers to actuator.o(.text.set_actuator) for set_actuator
[...]
    [Anonymous Symbol]                       0x08005764   Section        0  stm32f1xx_it.o(.text.UsageFault_Handler)
    __NVIC_EnableIRQ                         0x08005769   Thumb Code    48  stm32f1xx_hal_cortex.o(.text.__NVIC_EnableIRQ)
    [Anonymous Symbol]                       0x08005768   Section        0  stm32f1xx_hal_cortex.o(.text.__NVIC_EnableIRQ)
    __NVIC_GetPriorityGrouping               0x08005799   Thumb Code    16  stm32f1xx_hal_cortex.o(.text.__NVIC_GetPriorityGrouping)
    [Anonymous Symbol]                       0x08005798   Section        0  stm32f1xx_hal_cortex.o(.text.__NVIC_GetPriorityGrouping)
    __NVIC_SetPriority                       0x080057a9   Thumb Code    66  stm32f1xx_hal_cortex.o(.text.__NVIC_SetPriority)
    [Anonymous Symbol]                       0x080057a8   Section        0  stm32f1xx_hal_cortex.o(.text.__NVIC_SetPriority)
    __NVIC_SetPriorityGrouping               0x080057ed   Thumb Code    60  stm32f1xx_hal_cortex.o(.text.__NVIC_SetPriorityGrouping)
    [Anonymous Symbol]                       0x080057ec   Section        0  stm32f1xx_hal_cortex.o(.text.__NVIC_SetPriorityGrouping)
    [Anonymous Symbol]                       0x08005828   Section        0  actuator.o(.text.aim)
    [Anonymous Symbol]                       0x0800592c   Section        0  actuator.o(.text.cal_PID)
    [Anonymous Symbol]                       0x08005ac0   Section        0  communicate.o(.text.communicate)
    [Anonymous Symbol]                       0x08006514   Section        0  actuator.o(.text.init_actuator)
    [Anonymous Symbol]                       0x08006740   Section        0  actuator.o(.text.init_actuator_state)
    [Anonymous Symbol]                       0x080067ac   Section        0  actuator.o(.text.initgesture)
    [Anonymous Symbol]                       0x08006810   Section        0  pid.o(.text.initpid)
    [Anonymous Symbol]                       0x080068bc   Section        0  actuator.o(.text.judge_move)
    [Anonymous Symbol]                       0x08006974   Section        0  main.o(.text.main)
    [Anonymous Symbol]                       0x08006a3c   Section        0  actuator.o(.text.set_actuator)
    [Anonymous Symbol]                       0x08006b0c   Section        0  actuator.o(.text.task)
    i.__ARM_fpclassify                       0x080073ee   Section        0  fpclassify.o(i.__ARM_fpclassify)
    i.__kernel_poly                          0x08007416   Section        0  poly.o(i.__kernel_poly)
    i.__mathlib_dbl_divzero                  0x080074c0   Section        0  dunder.o(i.__mathlib_dbl_divzero)
    i.__mathlib_dbl_infnan2                  0x080074d0   Section        0  dunder.o(i.__mathlib_dbl_infnan2)
    i.__mathlib_dbl_invalid                  0x080074d4   Section        0  dunder.o(i.__mathlib_dbl_invalid)
    i.__mathlib_dbl_overflow                 0x080074e0   Section        0  dunder.o(i.__mathlib_dbl_overflow)
    i.__mathlib_dbl_underflow                0x080074f0   Section        0  dunder.o(i.__mathlib_dbl_underflow)
    i.pow                                    0x08007500   Section        0  pow.o(i.pow)
    i.sqrt                                   0x08007eec   Section        0  sqrt.o(i.sqrt)
    x$fpl$d2f                                0x08007f38   Section       98  d2f.o(x$fpl$d2f)
    x$fpl$dadd                               0x08007f9c   Section      336  daddsub_clz.o(x$fpl$dadd)
    _dadd1                                   0x08007fad   Thumb Code     0  daddsub_clz.o(x$fpl$dadd)
    x$fpl$dcheck1                            0x080080ec   Section       16  dcheck1.o(x$fpl$dcheck1)
    x$fpl$dcmpinf                            0x080080fc   Section       24  dcmpi.o(x$fpl$dcmpinf)
    x$fpl$ddiv                               0x08008114   Section      692  ddiv.o(x$fpl$ddiv)
    ddiv_entry                               0x0800811b   Thumb Code     0  ddiv.o(x$fpl$ddiv)
    x$fpl$dflt                               0x080083c8   Section       46  dflt_clz.o(x$fpl$dflt)
    x$fpl$dleqf                              0x080083f8   Section      120  dleqf.o(x$fpl$dleqf)
    x$fpl$dmul                               0x08008470   Section      340  dmul.o(x$fpl$dmul)
    x$fpl$dnaninf                            0x080085c4   Section      156  dnaninf.o(x$fpl$dnaninf)
    x$fpl$dretinf                            0x08008660   Section       12  dretinf.o(x$fpl$dretinf)
    x$fpl$drleqf                             0x0800866c   Section      108  drleqf.o(x$fpl$drleqf)
    x$fpl$drsb                               0x080086d8   Section       22  daddsub_clz.o(x$fpl$drsb)
    x$fpl$dsqrt                              0x080086f0   Section      460  dsqrt_noumaal.o(x$fpl$dsqrt)
    x$fpl$dsub                               0x080088bc   Section      476  daddsub_clz.o(x$fpl$dsub)
    _dsub1                                   0x080088cd   Thumb Code     0  daddsub_clz.o(x$fpl$dsub)
    x$fpl$f2d                                0x08008a98   Section       86  f2d.o(x$fpl$f2d)
    x$fpl$fadd                               0x08008af0   Section      196  faddsub_clz.o(x$fpl$fadd)
    _fadd1                                   0x08008aff   Thumb Code     0  faddsub_clz.o(x$fpl$fadd)
    x$fpl$fcmp                               0x08008bb4   Section       84  fcmp.o(x$fpl$fcmp)
    x$fpl$fcmpinf                            0x08008c08   Section       24  fcmpi.o(x$fpl$fcmpinf)
    _fdiv1                                   0x08008c21   Thumb Code     0  fdiv.o(x$fpl$fdiv)
    x$fpl$fdiv                               0x08008c20   Section      388  fdiv.o(x$fpl$fdiv)
    x$fpl$feqf                               0x08008da4   Section      104  feqf.o(x$fpl$feqf)
    x$fpl$ffix                               0x08008e0c   Section       54  ffix.o(x$fpl$ffix)
    x$fpl$fflt                               0x08008e44   Section       48  fflt_clz.o(x$fpl$fflt)
    x$fpl$fgeqf                              0x08008e74   Section      104  fgeqf.o(x$fpl$fgeqf)
    x$fpl$fleqf                              0x08008edc   Section      104  fleqf.o(x$fpl$fleqf)
    x$fpl$fmul                               0x08008f44   Section      258  fmul.o(x$fpl$fmul)
    x$fpl$fnaninf                            0x08009046   Section      140  fnaninf.o(x$fpl$fnaninf)
    x$fpl$fretinf                            0x080090d2   Section       10  fretinf.o(x$fpl$fretinf)
    x$fpl$fsub                               0x080090dc   Section      234  faddsub_clz.o(x$fpl$fsub)
    _fsub1                                   0x080090eb   Thumb Code     0  faddsub_clz.o(x$fpl$fsub)
    x$fpl$retnan                             0x080091c6   Section      100  retnan.o(x$fpl$retnan)
    x$fpl$scalbn                             0x0800922a   Section       92  scalbn.o(x$fpl$scalbn)
    x$fpl$trapveneer                         0x08009286   Section       48  trapv.o(x$fpl$trapveneer)
    x$fpl$usenofp                            0x080092b6   Section        0  usenofp.o(x$fpl$usenofp)
    bp                                       0x080092b8   Data          16  pow.o(.constdata)
    .constdata                               0x080092b8   Section      136  pow.o(.constdata)
    dp_h                                     0x080092c8   Data          16  pow.o(.constdata)
    dp_l                                     0x080092d8   Data          16  pow.o(.constdata)
    L                                        0x080092e8   Data          48  pow.o(.constdata)
    P                                        0x08009318   Data          40  pow.o(.constdata)
    .constdata                               0x08009340   Section        8  qnan.o(.constdata)
    HAL_RCC_GetSysClockFreq.aPLLMULFactorTable 0x08009360   Data          16  stm32f1xx_hal_rcc.o(.rodata.HAL_RCC_GetSysClockFreq.aPLLMULFactorTable)
    [Anonymous Symbol]                       0x08009360   Section        0  stm32f1xx_hal_rcc.o(.rodata.HAL_RCC_GetSysClockFreq.aPLLMULFactorTable)
    HAL_RCC_GetSysClockFreq.aPredivFactorTable 0x08009370   Data           2  stm32f1xx_hal_rcc.o(.rodata.HAL_RCC_GetSysClockFreq.aPredivFactorTable)
    [Anonymous Symbol]                       0x08009370   Section        0  stm32f1xx_hal_rcc.o(.rodata.HAL_RCC_GetSysClockFreq.aPredivFactorTable)
    .bss                                     0x20000118   Section       96  libspace.o(.bss)
    task.scan_angelx                         0x2000068c   Data           4  actuator.o(.bss.task.scan_angelx)
    [Anonymous Symbol]                       0x2000068c   Section        0  actuator.o(.bss.task.scan_angelx)
    task.scan_angely                         0x20000690   Data           4  actuator.o(.bss.task.scan_angely)
    [Anonymous Symbol]                       0x20000690   Section        0  actuator.o(.bss.task.scan_angely)
    task.task_time                           0x20000694   Data          24  actuator.o(.bss.task.task_time)
    [Anonymous Symbol]                       0x20000694   Section        0  actuator.o(.bss.task.task_time)
    task.taskbase                            0x200006ac   Data          24  actuator.o(.bss.task.taskbase)
    [Anonymous Symbol]                       0x200006ac   Section        0  actuator.o(.bss.task.taskbase)
    Heap_Mem                                 0x20000718   Data         512  startup_stm32f103xe.o(HEAP)
    HEAP                                     0x20000718   Section      512  startup_stm32f103xe.o(HEAP)
    Stack_Mem                                0x20000918   Data        1024  startup_stm32f103xe.o(STACK)
    STACK                                    0x20000918   Section     1024  startup_stm32f103xe.o(STACK)
    __initial_sp                             0x20000d18   Data           0  startup_stm32f103xe.o(STACK)

    Global Symbols

    Symbol Name                              Value     Ov Type        Size  Object(Section)

    BuildAttributes$$THM_ISAv4$P$D$K$B$S$PE$A:L22UL41UL21$X:L11$S22US41US21$IEEE1$IW$~IW$USESV6$~STKCKD$USESV7$~SHL$OTIME$ROPI$IEEEX$EBA8$UX$STANDARDLIB$REQ8$PRES8$EABIv2 0x00000000   Number         0  anon$$obj.o ABSOLUTE
    __fp_init_empty                          0x00000000   Number         0  fpinit_empty.o ABSOLUTE
    __ARM_exceptions_init                     - Undefined Weak Reference
    __alloca_initialize                       - Undefined Weak Reference
    __arm_preinit_                            - Undefined Weak Reference
    __arm_relocate_pie_                       - Undefined Weak Reference
    __cpp_initialize__aeabi_                  - Undefined Weak Reference
    __cxa_finalize                            - Undefined Weak Reference
    __rt_locale                               - Undefined Weak Reference
    __sigvec_lookup                           - Undefined Weak Reference
    _atexit_init                              - Undefined Weak Reference
    _call_atexit_fns                          - Undefined Weak Reference
    _clock_init                               - Undefined Weak Reference
    _fp_trap_init                             - Undefined Weak Reference
    _fp_trap_shutdown                         - Undefined Weak Reference
    _get_lc_collate                           - Undefined Weak Reference
    _get_lc_ctype                             - Undefined Weak Reference
    _get_lc_monetary                          - Undefined Weak Reference
    _get_lc_numeric                           - Undefined Weak Reference
    _get_lc_time                              - Undefined Weak Reference
    _getenv_init                              - Undefined Weak Reference
    _handle_redirection                       - Undefined Weak Reference
    _init_alloc                               - Undefined Weak Reference
    _init_user_alloc                          - Undefined Weak Reference
    _initio                                   - Undefined Weak Reference
    _rand_init                                - Undefined Weak Reference
    _signal_finish                            - Undefined Weak Reference
    _signal_init                              - Undefined Weak Reference
    _terminate_alloc                          - Undefined Weak Reference
    _terminate_user_alloc                     - Undefined Weak Reference
    _terminateio                              - Undefined Weak Reference
    __Vectors_Size                           0x00000130   Number         0  startup_stm32f103xe.o ABSOLUTE
    __Vectors                                0x08000000   Data           4  startup_stm32f103xe.o(RESET)
    __Vectors_End                            0x08000130   Data           0  startup_stm32f103xe.o(RESET)
    __main                                   0x08000131   Thumb Code     8  __main.o(!!!main)
    __scatterload                            0x08000139   Thumb Code     0  __scatter.o(!!!scatter)
    __scatterload_rt2                        0x08000139   Thumb Code    44  __scatter.o(!!!scatter)
    __scatterload_rt2_thumb_only             0x08000139   Thumb Code     0  __scatter.o(!!!scatter)
    __scatterload_null                       0x08000147   Thumb Code     0  __scatter.o(!!!scatter)
    __scatterload_copy                       0x0800016d   Thumb Code    26  __scatter_copy.o(!!handler_copy)
    __scatterload_zeroinit                   0x08000189   Thumb Code    28  __scatter_zi.o(!!handler_zi)
    __rt_lib_init                            0x080001a5   Thumb Code     0  libinit.o(.ARM.Collect$$libinit$$00000000)
    __rt_lib_init_alloca_1                   0x080001a7   Thumb Code     0  libinit2.o(.ARM.Collect$$libinit$$00000030)
    __rt_lib_init_argv_1                     0x080001a7   Thumb Code     0  libinit2.o(.ARM.Collect$$libinit$$0000002E)
    __rt_lib_init_atexit_1                   0x080001a7   Thumb Code     0  libinit2.o(.ARM.Collect$$libinit$$0000001D)
    __rt_lib_init_clock_1                    0x080001a7   Thumb Code     0  libinit2.o(.ARM.Collect$$libinit$$00000023)
    __rt_lib_init_cpp_1                      0x080001a7   Thumb Code     0  libinit2.o(.ARM.Collect$$libinit$$00000034)
    __rt_lib_init_exceptions_1               0x080001a7   Thumb Code     0  libinit2.o(.ARM.Collect$$libinit$$00000032)
    __rt_lib_init_fp_1                       0x080001a7   Thumb Code     0  libinit2.o(.ARM.Collect$$libinit$$00000002)
    __rt_lib_init_fp_trap_1                  0x080001a7   Thumb Code     0  libinit2.o(.ARM.Collect$$libinit$$00000021)
    __rt_lib_init_getenv_1                   0x080001a7   Thumb Code     0  libinit2.o(.ARM.Collect$$libinit$$00000025)
    __rt_lib_init_heap_1                     0x080001a7   Thumb Code     0  libinit2.o(.ARM.Collect$$libinit$$0000000C)
    __rt_lib_init_lc_collate_1               0x080001a7   Thumb Code     0  libinit2.o(.ARM.Collect$$libinit$$00000013)
    __rt_lib_init_lc_ctype_1                 0x080001a7   Thumb Code     0  libinit2.o(.ARM.Collect$$libinit$$00000015)
    __rt_lib_init_lc_monetary_1              0x080001a7   Thumb Code     0  libinit2.o(.ARM.Collect$$libinit$$00000017)
    __rt_lib_init_lc_numeric_1               0x080001a7   Thumb Code     0  libinit2.o(.ARM.Collect$$libinit$$00000019)
    __rt_lib_init_lc_time_1                  0x080001a7   Thumb Code     0  libinit2.o(.ARM.Collect$$libinit$$0000001B)
    __rt_lib_init_preinit_1                  0x080001a7   Thumb Code     0  libinit2.o(.ARM.Collect$$libinit$$00000006)
    __rt_lib_init_rand_1                     0x080001a7   Thumb Code     0  libinit2.o(.ARM.Collect$$libinit$$00000010)
    __rt_lib_init_relocate_pie_1             0x080001a7   Thumb Code     0  libinit2.o(.ARM.Collect$$libinit$$00000004)
    __rt_lib_init_return                     0x080001a7   Thumb Code     0  libinit2.o(.ARM.Collect$$libinit$$00000035)
    __rt_lib_init_signal_1                   0x080001a7   Thumb Code     0  libinit2.o(.ARM.Collect$$libinit$$0000001F)
    __rt_lib_init_stdio_1                    0x080001a7   Thumb Code     0  libinit2.o(.ARM.Collect$$libinit$$00000027)
    __rt_lib_init_user_alloc_1               0x080001a7   Thumb Code     0  libinit2.o(.ARM.Collect$$libinit$$0000000E)
    __rt_lib_shutdown                        0x080001a9   Thumb Code     0  libshutdown.o(.ARM.Collect$$libshutdown$$00000000)
    __rt_lib_shutdown_cpp_1                  0x080001ab   Thumb Code     0  libshutdown2.o(.ARM.Collect$$libshutdown$$00000002)
    __rt_lib_shutdown_fp_trap_1              0x080001ab   Thumb Code     0  libshutdown2.o(.ARM.Collect$$libshutdown$$00000007)
    __rt_lib_shutdown_heap_1                 0x080001ab   Thumb Code     0  libshutdown2.o(.ARM.Collect$$libshutdown$$0000000F)
    __rt_lib_shutdown_return                 0x080001ab   Thumb Code     0  libshutdown2.o(.ARM.Collect$$libshutdown$$00000010)
    __rt_lib_shutdown_signal_1               0x080001ab   Thumb Code     0  libshutdown2.o(.ARM.Collect$$libshutdown$$0000000A)
    __rt_lib_shutdown_stdio_1                0x080001ab   Thumb Code     0  libshutdown2.o(.ARM.Collect$$libshutdown$$00000004)
    __rt_lib_shutdown_user_alloc_1           0x080001ab   Thumb Code     0  libshutdown2.o(.ARM.Collect$$libshutdown$$0000000C)
    __rt_entry                               0x080001ad   Thumb Code     0  __rtentry.o(.ARM.Collect$$rtentry$$00000000)
    __rt_entry_presh_1                       0x080001ad   Thumb Code     0  __rtentry2.o(.ARM.Collect$$rtentry$$00000002)
    __rt_entry_sh                            0x080001ad   Thumb Code     0  __rtentry4.o(.ARM.Collect$$rtentry$$00000004)
    __rt_entry_li                            0x080001b3   Thumb Code     0  __rtentry2.o(.ARM.Collect$$rtentry$$0000000A)
    __rt_entry_postsh_1                      0x080001b3   Thumb Code     0  __rtentry2.o(.ARM.Collect$$rtentry$$00000009)
    __rt_entry_main                          0x080001b7   Thumb Code     0  __rtentry2.o(.ARM.Collect$$rtentry$$0000000D)
    __rt_entry_postli_1                      0x080001b7   Thumb Code     0  __rtentry2.o(.ARM.Collect$$rtentry$$0000000C)
    __rt_exit                                0x080001bf   Thumb Code     0  rtexit.o(.ARM.Collect$$rtexit$$00000000)
    __rt_exit_ls                             0x080001c1   Thumb Code     0  rtexit2.o(.ARM.Collect$$rtexit$$00000003)
    __rt_exit_prels_1                        0x080001c1   Thumb Code     0  rtexit2.o(.ARM.Collect$$rtexit$$00000002)
    __rt_exit_exit                           0x080001c5   Thumb Code     0  rtexit2.o(.ARM.Collect$$rtexit$$00000004)
    Reset_Handler                            0x080001cd   Thumb Code     8  startup_stm32f103xe.o(.text)
    ADC1_2_IRQHandler                        0x080001e7   Thumb Code     0  startup_stm32f103xe.o(.text)
    ADC3_IRQHandler                          0x080001e7   Thumb Code     0  startup_stm32f103xe.o(.text)
    CAN1_RX1_IRQHandler                      0x080001e7   Thumb Code     0  startup_stm32f103xe.o(.text)
    CAN1_SCE_IRQHandler                      0x080001e7   Thumb Code     0  startup_stm32f103xe.o(.text)
    DMA1_Channel1_IRQHandler                 0x080001e7   Thumb Code     0  startup_stm32f103xe.o(.text)
    DMA1_Channel2_IRQHandler                 0x080001e7   Thumb Code     0  startup_stm32f103xe.o(.text)
    DMA1_Channel3_IRQHandler                 0x080001e7   Thumb Code     0  startup_stm32f103xe.o(.text)
    DMA1_Channel4_IRQHandler                 0x080001e7   Thumb Code     0  startup_stm32f103xe.o(.text)
    DMA1_Channel6_IRQHandler                 0x080001e7   Thumb Code     0  startup_stm32f103xe.o(.text)
    DMA1_Channel7_IRQHandler                 0x080001e7   Thumb Code     0  startup_stm32f103xe.o(.text)
    DMA2_Channel1_IRQHandler                 0x080001e7   Thumb Code     0  startup_stm32f103xe.o(.text)
    DMA2_Channel2_IRQHandler                 0x080001e7   Thumb Code     0  startup_stm32f103xe.o(.text)
    DMA2_Channel3_IRQHandler                 0x080001e7   Thumb Code     0  startup_stm32f103xe.o(.text)
    DMA2_Channel4_5_IRQHandler               0x080001e7   Thumb Code     0  startup_stm32f103xe.o(.text)
    EXTI0_IRQHandler                         0x080001e7   Thumb Code     0  startup_stm32f103xe.o(.text)
    EXTI15_10_IRQHandler                     0x080001e7   Thumb Code     0  startup_stm32f103xe.o(.text)
    EXTI1_IRQHandler                         0x080001e7   Thumb Code     0  startup_stm32f103xe.o(.text)
    EXTI2_IRQHandler                         0x080001e7   Thumb Code     0  startup_stm32f103xe.o(.text)
    EXTI3_IRQHandler                         0x080001e7   Thumb Code     0  startup_stm32f103xe.o(.text)
    EXTI4_IRQHandler                         0x080001e7   Thumb Code     0  startup_stm32f103xe.o(.text)
    EXTI9_5_IRQHandler                       0x080001e7   Thumb Code     0  startup_stm32f103xe.o(.text)
    FLASH_IRQHandler                         0x080001e7   Thumb Code     0  startup_stm32f103xe.o(.text)
    FSMC_IRQHandler                          0x080001e7   Thumb Code     0  startup_stm32f103xe.o(.text)
    I2C1_ER_IRQHandler                       0x080001e7   Thumb Code     0  startup_stm32f103xe.o(.text)
    I2C1_EV_IRQHandler                       0x080001e7   Thumb Code     0  startup_stm32f103xe.o(.text)
    I2C2_ER_IRQHandler                       0x080001e7   Thumb Code     0  startup_stm32f103xe.o(.text)
    I2C2_EV_IRQHandler                       0x080001e7   Thumb Code     0  startup_stm32f103xe.o(.text)
    PVD_IRQHandler                           0x080001e7   Thumb Code     0  startup_stm32f103xe.o(.text)
    RCC_IRQHandler                           0x080001e7   Thumb Code     0  startup_stm32f103xe.o(.text)
    RTC_Alarm_IRQHandler                     0x080001e7   Thumb Code     0  startup_stm32f103xe.o(.text)
    RTC_IRQHandler                           0x080001e7   Thumb Code     0  startup_stm32f103xe.o(.text)
    SDIO_IRQHandler                          0x080001e7   Thumb Code     0  startup_stm32f103xe.o(.text)
    SPI1_IRQHandler                          0x080001e7   Thumb Code     0  startup_stm32f103xe.o(.text)
    SPI2_IRQHandler                          0x080001e7   Thumb Code     0  startup_stm32f103xe.o(.text)
    SPI3_IRQHandler                          0x080001e7   Thumb Code     0  startup_stm32f103xe.o(.text)
    TAMPER_IRQHandler                        0x080001e7   Thumb Code     0  startup_stm32f103xe.o(.text)
    TIM1_BRK_IRQHandler                      0x080001e7   Thumb Code     0  startup_stm32f103xe.o(.text)
    TIM1_CC_IRQHandler                       0x080001e7   Thumb Code     0  startup_stm32f103xe.o(.text)
    TIM1_TRG_COM_IRQHandler                  0x080001e7   Thumb Code     0  startup_stm32f103xe.o(.text)
    TIM1_UP_IRQHandler                       0x080001e7   Thumb Code     0  startup_stm32f103xe.o(.text)
    TIM2_IRQHandler                          0x080001e7   Thumb Code     0  startup_stm32f103xe.o(.text)
    TIM3_IRQHandler                          0x080001e7   Thumb Code     0  startup_stm32f103xe.o(.text)
    TIM4_IRQHandler                          0x080001e7   Thumb Code     0  startup_stm32f103xe.o(.text)
    TIM8_BRK_IRQHandler                      0x080001e7   Thumb Code     0  startup_stm32f103xe.o(.text)
    TIM8_CC_IRQHandler                       0x080001e7   Thumb Code     0  startup_stm32f103xe.o(.text)
    TIM8_TRG_COM_IRQHandler                  0x080001e7   Thumb Code     0  startup_stm32f103xe.o(.text)
    TIM8_UP_IRQHandler                       0x080001e7   Thumb Code     0  startup_stm32f103xe.o(.text)
    UART5_IRQHandler                         0x080001e7   Thumb Code     0  startup_stm32f103xe.o(.text)
    USBWakeUp_IRQHandler                     0x080001e7   Thumb Code     0  startup_stm32f103xe.o(.text)
    USB_HP_CAN1_TX_IRQHandler                0x080001e7   Thumb Code     0  startup_stm32f103xe.o(.text)
    USB_LP_CAN1_RX0_IRQHandler               0x080001e7   Thumb Code     0  startup_stm32f103xe.o(.text)
    WWDG_IRQHandler                          0x080001e7   Thumb Code     0  startup_stm32f103xe.o(.text)
    __user_initial_stackheap                 0x080001e9   Thumb Code     0  startup_stm32f103xe.o(.text)
    strlen                                   0x0800020d   Thumb Code    62  strlen.o(.text)
    __aeabi_memclr4                          0x0800024b   Thumb Code     0  rt_memclr_w.o(.text)
    __aeabi_memclr8                          0x0800024b   Thumb Code     0  rt_memclr_w.o(.text)
    __rt_memclr_w                            0x0800024b   Thumb Code     0  rt_memclr_w.o(.text)
    _memset_w                                0x0800024f   Thumb Code    74  rt_memclr_w.o(.text)
    __use_two_region_memory                  0x08000299   Thumb Code     2  heapauxi.o(.text)
    __rt_heap_escrow$2region                 0x0800029b   Thumb Code     2  heapauxi.o(.text)
    __rt_heap_expand$2region                 0x0800029d   Thumb Code     2  heapauxi.o(.text)
    __read_errno                             0x0800029f   Thumb Code    10  _rserrno.o(.text)
    __set_errno                              0x080002a9   Thumb Code    12  _rserrno.o(.text)
    __aeabi_errno_addr                       0x080002b5   Thumb Code     8  rt_errno_addr_intlibspace.o(.text)
    __errno$intlibspace                      0x080002b5   Thumb Code     0  rt_errno_addr_intlibspace.o(.text)
    __rt_errno_addr$intlibspace              0x080002b5   Thumb Code     0  rt_errno_addr_intlibspace.o(.text)
    __user_libspace                          0x080002bd   Thumb Code     8  libspace.o(.text)
    __user_perproc_libspace                  0x080002bd   Thumb Code     0  libspace.o(.text)
    __user_perthread_libspace                0x080002bd   Thumb Code     0  libspace.o(.text)
    __user_setup_stackheap                   0x080002c5   Thumb Code    74  sys_stackheap_outer.o(.text)
    exit                                     0x0800030f   Thumb Code    18  exit.o(.text)
    _sys_exit                                0x08000321   Thumb Code     8  sys_exit.o(.text)
    __I$use$semihosting                      0x0800032d   Thumb Code     0  use_no_semi.o(.text)
    __use_no_semihosting_swi                 0x0800032d   Thumb Code     2  use_no_semi.o(.text)
    __semihosting_library_function           0x0800032f   Thumb Code     0  indicate_semi.o(.text)
    BusFault_Handler                         0x08000331   Thumb Code     4  stm32f1xx_it.o(.text.BusFault_Handler)
    DMA1_Channel5_IRQHandler                 0x08000335   Thumb Code    16  stm32f1xx_it.o(.text.DMA1_Channel5_IRQHandler)
    DebugMon_Handler                         0x08000395   Thumb Code     2  stm32f1xx_it.o(.text.DebugMon_Handler)
    Error_Handler                            0x08000399   Thumb Code    14  main.o(.text.Error_Handler)
    HAL_DMA_Abort                            0x080003a9   Thumb Code   124  stm32f1xx_hal_dma.o(.text.HAL_DMA_Abort)
    HAL_DMA_Abort_IT                         0x08000425   Thumb Code   792  stm32f1xx_hal_dma.o(.text.HAL_DMA_Abort_IT)
    HAL_DMA_IRQHandler                       0x0800073d   Thumb Code  1668  stm32f1xx_hal_dma.o(.text.HAL_DMA_IRQHandler)
    HAL_DMA_Init                             0x08000dc1   Thumb Code   244  stm32f1xx_hal_dma.o(.text.HAL_DMA_Init)
    HAL_DMA_Start_IT                         0x08000eb5   Thumb Code   202  stm32f1xx_hal_dma.o(.text.HAL_DMA_Start_IT)
    HAL_Delay                                0x08000f81   Thumb Code    66  stm32f1xx_hal.o(.text.HAL_Delay)
    HAL_GPIO_Init                            0x08000fc5   Thumb Code   854  stm32f1xx_hal_gpio.o(.text.HAL_GPIO_Init)
    HAL_GPIO_TogglePin                       0x0800131d   Thumb Code    38  stm32f1xx_hal_gpio.o(.text.HAL_GPIO_TogglePin)
    HAL_GPIO_WritePin                        0x08001345   Thumb Code    46  stm32f1xx_hal_gpio.o(.text.HAL_GPIO_WritePin)
    HAL_GetTick                              0x08001375   Thumb Code    12  stm32f1xx_hal.o(.text.HAL_GetTick)
    HAL_I2C_Init                             0x08001381   Thumb Code   676  stm32f1xx_hal_i2c.o(.text.HAL_I2C_Init)
    HAL_I2C_MspInit                          0x08001625   Thumb Code   162  i2c.o(.text.HAL_I2C_MspInit)
    HAL_IncTick                              0x080016c9   Thumb Code    26  stm32f1xx_hal.o(.text.HAL_IncTick)
    HAL_Init                                 0x080016e5   Thumb Code    38  stm32f1xx_hal.o(.text.HAL_Init)
    HAL_InitTick                             0x0800170d   Thumb Code   112  stm32f1xx_hal.o(.text.HAL_InitTick)
    HAL_MspInit                              0x0800177d   Thumb Code   100  stm32f1xx_hal_msp.o(.text.HAL_MspInit)
    HAL_NVIC_EnableIRQ                       0x080017e1   Thumb Code    20  stm32f1xx_hal_cortex.o(.text.HAL_NVIC_EnableIRQ)
    HAL_NVIC_SetPriority                     0x080017f5   Thumb Code    50  stm32f1xx_hal_cortex.o(.text.HAL_NVIC_SetPriority)
    HAL_NVIC_SetPriorityGrouping             0x08001829   Thumb Code    16  stm32f1xx_hal_cortex.o(.text.HAL_NVIC_SetPriorityGrouping)
    HAL_RCC_ClockConfig                      0x08001839   Thumb Code   598  stm32f1xx_hal_rcc.o(.text.HAL_RCC_ClockConfig)
    HAL_RCC_GetHCLKFreq                      0x08001a91   Thumb Code    12  stm32f1xx_hal_rcc.o(.text.HAL_RCC_GetHCLKFreq)
    HAL_RCC_GetPCLK1Freq                     0x08001a9d   Thumb Code    34  stm32f1xx_hal_rcc.o(.text.HAL_RCC_GetPCLK1Freq)
    HAL_RCC_GetPCLK2Freq                     0x08001ac1   Thumb Code    34  stm32f1xx_hal_rcc.o(.text.HAL_RCC_GetPCLK2Freq)
    HAL_RCC_GetSysClockFreq                  0x08001ae5   Thumb Code   188  stm32f1xx_hal_rcc.o(.text.HAL_RCC_GetSysClockFreq)
    HAL_RCC_OscConfig                        0x08001ba1   Thumb Code  1658  stm32f1xx_hal_rcc.o(.text.HAL_RCC_OscConfig)
    HAL_SYSTICK_Config                       0x0800221d   Thumb Code    16  stm32f1xx_hal_cortex.o(.text.HAL_SYSTICK_Config)
    HAL_TIMEx_BreakCallback                  0x0800222d   Thumb Code     8  stm32f1xx_hal_tim_ex.o(.text.HAL_TIMEx_BreakCallback)
    HAL_TIMEx_CommutCallback                 0x08002235   Thumb Code     8  stm32f1xx_hal_tim_ex.o(.text.HAL_TIMEx_CommutCallback)
    HAL_TIMEx_MasterConfigSynchronization    0x0800223d   Thumb Code   256  stm32f1xx_hal_tim_ex.o(.text.HAL_TIMEx_MasterConfigSynchronization)
    HAL_TIM_Base_Init                        0x0800233d   Thumb Code   156  stm32f1xx_hal_tim.o(.text.HAL_TIM_Base_Init)
    HAL_TIM_Base_MspInit                     0x080023d9   Thumb Code   374  tim.o(.text.HAL_TIM_Base_MspInit)
    HAL_TIM_Base_Start_IT                    0x08002551   Thumb Code   212  stm32f1xx_hal_tim.o(.text.HAL_TIM_Base_Start_IT)
    HAL_TIM_ConfigClockSource                0x08002625   Thumb Code   388  stm32f1xx_hal_tim.o(.text.HAL_TIM_ConfigClockSource)
    HAL_TIM_Encoder_Init                     0x080027a9   Thumb Code   296  stm32f1xx_hal_tim.o(.text.HAL_TIM_Encoder_Init)
    HAL_TIM_Encoder_MspInit                  0x080028d1   Thumb Code   326  tim.o(.text.HAL_TIM_Encoder_MspInit)
    HAL_TIM_Encoder_Start                    0x08002a19   Thumb Code   334  stm32f1xx_hal_tim.o(.text.HAL_TIM_Encoder_Start)
    HAL_TIM_IC_CaptureCallback               0x08002b69   Thumb Code     8  stm32f1xx_hal_tim.o(.text.HAL_TIM_IC_CaptureCallback)
    HAL_TIM_IRQHandler                       0x08002b71   Thumb Code   634  stm32f1xx_hal_tim.o(.text.HAL_TIM_IRQHandler)
    HAL_TIM_MspPostInit                      0x08002ded   Thumb Code   170  tim.o(.text.HAL_TIM_MspPostInit)
    HAL_TIM_OC_DelayElapsedCallback          0x08002e99   Thumb Code     8  stm32f1xx_hal_tim.o(.text.HAL_TIM_OC_DelayElapsedCallback)
    HAL_TIM_PWM_ConfigChannel                0x08002ea1   Thumb Code   322  stm32f1xx_hal_tim.o(.text.HAL_TIM_PWM_ConfigChannel)
    HAL_TIM_PWM_Init                         0x08002fe5   Thumb Code   156  stm32f1xx_hal_tim.o(.text.HAL_TIM_PWM_Init)
    HAL_TIM_PWM_MspInit                      0x08003081   Thumb Code     8  stm32f1xx_hal_tim.o(.text.HAL_TIM_PWM_MspInit)
    HAL_TIM_PWM_PulseFinishedCallback        0x08003089   Thumb Code     8  stm32f1xx_hal_tim.o(.text.HAL_TIM_PWM_PulseFinishedCallback)
    HAL_TIM_PWM_Start                        0x08003091   Thumb Code   426  stm32f1xx_hal_tim.o(.text.HAL_TIM_PWM_Start)
    HAL_TIM_PeriodElapsedCallback            0x0800323d   Thumb Code   162  actuator.o(.text.HAL_TIM_PeriodElapsedCallback)
    HAL_TIM_TriggerCallback                  0x080032e1   Thumb Code     8  stm32f1xx_hal_tim.o(.text.HAL_TIM_TriggerCallback)
    HAL_UARTEx_RxEventCallback               0x080032e9   Thumb Code    12  stm32f1xx_hal_uart.o(.text.HAL_UARTEx_RxEventCallback)
    HAL_UART_DMAStop                         0x080032f5   Thumb Code   204  stm32f1xx_hal_uart.o(.text.HAL_UART_DMAStop)
    HAL_UART_ErrorCallback                   0x080033c1   Thumb Code     8  stm32f1xx_hal_uart.o(.text.HAL_UART_ErrorCallback)
    HAL_UART_IRQHandler                      0x080033c9   Thumb Code  1066  stm32f1xx_hal_uart.o(.text.HAL_UART_IRQHandler)
    HAL_UART_Init                            0x080037f5   Thumb Code   158  stm32f1xx_hal_uart.o(.text.HAL_UART_Init)
    HAL_UART_MspInit                         0x08003895   Thumb Code   700  usart.o(.text.HAL_UART_MspInit)
    HAL_UART_Receive_DMA                     0x08003b51   Thumb Code    86  stm32f1xx_hal_uart.o(.text.HAL_UART_Receive_DMA)
    HAL_UART_Receive_IT                      0x08003ba9   Thumb Code    86  stm32f1xx_hal_uart.o(.text.HAL_UART_Receive_IT)
    HAL_UART_RxCpltCallback                  0x08003c01   Thumb Code   100  communicate.o(.text.HAL_UART_RxCpltCallback)
    HAL_UART_RxHalfCpltCallback              0x08003c65   Thumb Code     8  stm32f1xx_hal_uart.o(.text.HAL_UART_RxHalfCpltCallback)
    HAL_UART_TxCpltCallback                  0x08003c6d   Thumb Code     8  stm32f1xx_hal_uart.o(.text.HAL_UART_TxCpltCallback)
    HardFault_Handler                        0x08003c75   Thumb Code     4  stm32f1xx_it.o(.text.HardFault_Handler)
    Incremental_PID                          0x08003c79   Thumb Code   188  pid.o(.text.Incremental_PID)
    JY901_Process                            0x08003d35   Thumb Code   472  jy901.o(.text.JY901_Process)
    MX_DMA_Init                              0x08003f0d   Thumb Code    56  dma.o(.text.MX_DMA_Init)
    MX_GPIO_Init                             0x08003f45   Thumb Code   388  gpio.o(.text.MX_GPIO_Init)
    MX_I2C1_Init                             0x080040c9   Thumb Code    72  i2c.o(.text.MX_I2C1_Init)
    MX_TIM1_Init                             0x08004111   Thumb Code   134  tim.o(.text.MX_TIM1_Init)
    MX_TIM2_Init                             0x08004199   Thumb Code   120  tim.o(.text.MX_TIM2_Init)
    MX_TIM3_Init                             0x08004211   Thumb Code   244  tim.o(.text.MX_TIM3_Init)
    MX_TIM4_Init                             0x08004305   Thumb Code   242  tim.o(.text.MX_TIM4_Init)
    MX_TIM5_Init                             0x080043f9   Thumb Code   132  tim.o(.text.MX_TIM5_Init)
    MX_TIM6_Init                             0x0800447d   Thumb Code    90  tim.o(.text.MX_TIM6_Init)
    MX_TIM7_Init                             0x080044d9   Thumb Code    90  tim.o(.text.MX_TIM7_Init)
    MX_TIM8_Init                             0x08004535   Thumb Code   128  tim.o(.text.MX_TIM8_Init)
    MX_UART4_Init                            0x080045b5   Thumb Code    64  usart.o(.text.MX_UART4_Init)
    MX_USART1_UART_Init                      0x080045f5   Thumb Code    98  usart.o(.text.MX_USART1_UART_Init)
    MX_USART2_UART_Init                      0x08004659   Thumb Code    64  usart.o(.text.MX_USART2_UART_Init)
    MX_USART3_UART_Init                      0x08004699   Thumb Code    64  usart.o(.text.MX_USART3_UART_Init)
    MemManage_Handler                        0x080046d9   Thumb Code     4  stm32f1xx_it.o(.text.MemManage_Handler)
    NMI_Handler                              0x080046dd   Thumb Code     4  stm32f1xx_it.o(.text.NMI_Handler)
    Num_TransPID                             0x0800474d   Thumb Code   280  communicate.o(.text.Num_TransPID)
    PendSV_Handler                           0x08004865   Thumb Code     2  stm32f1xx_it.o(.text.PendSV_Handler)
    SVC_Handler                              0x080048a5   Thumb Code     2  stm32f1xx_it.o(.text.SVC_Handler)
    SysTick_Handler                          0x080048fd   Thumb Code     8  stm32f1xx_it.o(.text.SysTick_Handler)
    SystemClock_Config                       0x08004905   Thumb Code   108  main.o(.text.SystemClock_Config)
    SystemInit                               0x08004971   Thumb Code     2  system_stm32f1xx.o(.text.SystemInit)
    TIM5_IRQHandler                          0x08004975   Thumb Code    16  stm32f1xx_it.o(.text.TIM5_IRQHandler)
    TIM6_IRQHandler                          0x08004985   Thumb Code    16  stm32f1xx_it.o(.text.TIM6_IRQHandler)
    TIM7_IRQHandler                          0x08004995   Thumb Code    16  stm32f1xx_it.o(.text.TIM7_IRQHandler)
    TIM_Base_SetConfig                       0x080049a5   Thumb Code   320  stm32f1xx_hal_tim.o(.text.TIM_Base_SetConfig)
    TIM_CCxChannelCmd                        0x08004ae5   Thumb Code    54  stm32f1xx_hal_tim.o(.text.TIM_CCxChannelCmd)
    TIM_ETR_SetConfig                        0x08004b1d   Thumb Code    52  stm32f1xx_hal_tim.o(.text.TIM_ETR_SetConfig)
    TIM_OC2_SetConfig                        0x08004c6d   Thumb Code   248  stm32f1xx_hal_tim.o(.text.TIM_OC2_SetConfig)
    UART4_IRQHandler                         0x08004fa9   Thumb Code    16  stm32f1xx_it.o(.text.UART4_IRQHandler)
    UART_Start_Receive_DMA                   0x08005499   Thumb Code   268  stm32f1xx_hal_uart.o(.text.UART_Start_Receive_DMA)
    UART_Start_Receive_IT                    0x080055a5   Thumb Code    98  stm32f1xx_hal_uart.o(.text.UART_Start_Receive_IT)
    USART1_IRQHandler                        0x0800569d   Thumb Code   166  stm32f1xx_it.o(.text.USART1_IRQHandler)
    USART2_IRQHandler                        0x08005745   Thumb Code    16  stm32f1xx_it.o(.text.USART2_IRQHandler)
    USART3_IRQHandler                        0x08005755   Thumb Code    16  stm32f1xx_it.o(.text.USART3_IRQHandler)
    UsageFault_Handler                       0x08005765   Thumb Code     4  stm32f1xx_it.o(.text.UsageFault_Handler)
    aim                                      0x08005829   Thumb Code   258  actuator.o(.text.aim)
    cal_PID                                  0x0800592d   Thumb Code   402  actuator.o(.text.cal_PID)
    communicate                              0x08005ac1   Thumb Code  2642  communicate.o(.text.communicate)
    init_actuator                            0x08006515   Thumb Code   554  actuator.o(.text.init_actuator)
    init_actuator_state                      0x08006741   Thumb Code   108  actuator.o(.text.init_actuator_state)
    initgesture                              0x080067ad   Thumb Code   100  actuator.o(.text.initgesture)
    initpid                                  0x08006811   Thumb Code   172  pid.o(.text.initpid)
    judge_move                               0x080068bd   Thumb Code   182  actuator.o(.text.judge_move)
    main                                     0x08006975   Thumb Code   200  main.o(.text.main)
    set_actuator                             0x08006a3d   Thumb Code   208  actuator.o(.text.set_actuator)
    task                                     0x08006b0d   Thumb Code  2274  actuator.o(.text.task)
    __ARM_fpclassify                         0x080073ef   Thumb Code    40  fpclassify.o(i.__ARM_fpclassify)
    __kernel_poly                            0x08007417   Thumb Code   170  poly.o(i.__kernel_poly)
    __mathlib_dbl_divzero                    0x080074c1   Thumb Code    12  dunder.o(i.__mathlib_dbl_divzero)
    __mathlib_dbl_infnan2                    0x080074d1   Thumb Code     4  dunder.o(i.__mathlib_dbl_infnan2)
    __mathlib_dbl_invalid                    0x080074d5   Thumb Code    12  dunder.o(i.__mathlib_dbl_invalid)
    __mathlib_dbl_overflow                   0x080074e1   Thumb Code    14  dunder.o(i.__mathlib_dbl_overflow)
    __mathlib_dbl_underflow                  0x080074f1   Thumb Code    10  dunder.o(i.__mathlib_dbl_underflow)
    pow                                      0x08007501   Thumb Code  2532  pow.o(i.pow)
    sqrt                                     0x08007eed   Thumb Code    76  sqrt.o(i.sqrt)
    __aeabi_d2f                              0x08007f39   Thumb Code     0  d2f.o(x$fpl$d2f)
    _d2f                                     0x08007f39   Thumb Code    98  d2f.o(x$fpl$d2f)
    __aeabi_dadd                             0x08007f9d   Thumb Code     0  daddsub_clz.o(x$fpl$dadd)
    _dadd                                    0x08007f9d   Thumb Code   332  daddsub_clz.o(x$fpl$dadd)
    __fpl_dcheck_NaN1                        0x080080ed   Thumb Code    10  dcheck1.o(x$fpl$dcheck1)
    __fpl_dcmp_Inf                           0x080080fd   Thumb Code    24  dcmpi.o(x$fpl$dcmpinf)
    __aeabi_ddiv                             0x08008115   Thumb Code     0  ddiv.o(x$fpl$ddiv)
    _ddiv                                    0x08008115   Thumb Code   556  ddiv.o(x$fpl$ddiv)
    __aeabi_i2d                              0x080083c9   Thumb Code     0  dflt_clz.o(x$fpl$dflt)
    _dflt                                    0x080083c9   Thumb Code    46  dflt_clz.o(x$fpl$dflt)
    __aeabi_cdcmple                          0x080083f9   Thumb Code     0  dleqf.o(x$fpl$dleqf)
    _dcmple                                  0x080083f9   Thumb Code   120  dleqf.o(x$fpl$dleqf)
    __fpl_dcmple_InfNaN                      0x0800845b   Thumb Code     0  dleqf.o(x$fpl$dleqf)
    __aeabi_dmul                             0x08008471   Thumb Code     0  dmul.o(x$fpl$dmul)
    _dmul                                    0x08008471   Thumb Code   332  dmul.o(x$fpl$dmul)
    __fpl_dnaninf                            0x080085c5   Thumb Code   156  dnaninf.o(x$fpl$dnaninf)
    __fpl_dretinf                            0x08008661   Thumb Code    12  dretinf.o(x$fpl$dretinf)
    __aeabi_cdrcmple                         0x0800866d   Thumb Code     0  drleqf.o(x$fpl$drleqf)
    _drcmple                                 0x0800866d   Thumb Code   108  drleqf.o(x$fpl$drleqf)
    __aeabi_drsub                            0x080086d9   Thumb Code     0  daddsub_clz.o(x$fpl$drsb)
    _drsb                                    0x080086d9   Thumb Code    22  daddsub_clz.o(x$fpl$drsb)
    _dsqrt                                   0x080086f1   Thumb Code   456  dsqrt_noumaal.o(x$fpl$dsqrt)
    __aeabi_dsub                             0x080088bd   Thumb Code     0  daddsub_clz.o(x$fpl$dsub)
    _dsub                                    0x080088bd   Thumb Code   472  daddsub_clz.o(x$fpl$dsub)
    __aeabi_f2d                              0x08008a99   Thumb Code     0  f2d.o(x$fpl$f2d)
    _f2d                                     0x08008a99   Thumb Code    86  f2d.o(x$fpl$f2d)
    __aeabi_fadd                             0x08008af1   Thumb Code     0  faddsub_clz.o(x$fpl$fadd)
    _fadd                                    0x08008af1   Thumb Code   196  faddsub_clz.o(x$fpl$fadd)
    __aeabi_fcmpeq                           0x08008bb5   Thumb Code     0  fcmp.o(x$fpl$fcmp)
    _feq                                     0x08008bb5   Thumb Code    14  fcmp.o(x$fpl$fcmp)
    _fneq                                    0x08008bc3   Thumb Code    14  fcmp.o(x$fpl$fcmp)
    __aeabi_fcmpgt                           0x08008bd1   Thumb Code     0  fcmp.o(x$fpl$fcmp)
    _fgr                                     0x08008bd1   Thumb Code    14  fcmp.o(x$fpl$fcmp)
    __aeabi_fcmpge                           0x08008bdf   Thumb Code     0  fcmp.o(x$fpl$fcmp)
    _fgeq                                    0x08008bdf   Thumb Code    14  fcmp.o(x$fpl$fcmp)
    __aeabi_fcmple                           0x08008bed   Thumb Code     0  fcmp.o(x$fpl$fcmp)
    _fleq                                    0x08008bed   Thumb Code    14  fcmp.o(x$fpl$fcmp)
    __aeabi_fcmplt                           0x08008bfb   Thumb Code     0  fcmp.o(x$fpl$fcmp)
    _fls                                     0x08008bfb   Thumb Code    14  fcmp.o(x$fpl$fcmp)
    __fpl_fcmp_Inf                           0x08008c09   Thumb Code    24  fcmpi.o(x$fpl$fcmpinf)
    __aeabi_fdiv                             0x08008c21   Thumb Code     0  fdiv.o(x$fpl$fdiv)
    _fdiv                                    0x08008c21   Thumb Code   384  fdiv.o(x$fpl$fdiv)
    __aeabi_cfcmpeq                          0x08008da5   Thumb Code     0  feqf.o(x$fpl$feqf)
    _fcmpeq                                  0x08008da5   Thumb Code   104  feqf.o(x$fpl$feqf)
    __aeabi_f2iz                             0x08008e0d   Thumb Code     0  ffix.o(x$fpl$ffix)
    _ffix                                    0x08008e0d   Thumb Code    54  ffix.o(x$fpl$ffix)
    __aeabi_i2f                              0x08008e45   Thumb Code     0  fflt_clz.o(x$fpl$fflt)
    _fflt                                    0x08008e45   Thumb Code    48  fflt_clz.o(x$fpl$fflt)
    _fcmpge                                  0x08008e75   Thumb Code   104  fgeqf.o(x$fpl$fgeqf)
    __aeabi_cfcmple                          0x08008edd   Thumb Code     0  fleqf.o(x$fpl$fleqf)
    _fcmple                                  0x08008edd   Thumb Code   104  fleqf.o(x$fpl$fleqf)
    __fpl_fcmple_InfNaN                      0x08008f2f   Thumb Code     0  fleqf.o(x$fpl$fleqf)
    __aeabi_fmul                             0x08008f45   Thumb Code     0  fmul.o(x$fpl$fmul)
    _fmul                                    0x08008f45   Thumb Code   258  fmul.o(x$fpl$fmul)
    __fpl_fnaninf                            0x08009047   Thumb Code   140  fnaninf.o(x$fpl$fnaninf)
    __fpl_fretinf                            0x080090d3   Thumb Code    10  fretinf.o(x$fpl$fretinf)
    __aeabi_fsub                             0x080090dd   Thumb Code     0  faddsub_clz.o(x$fpl$fsub)
    _fsub                                    0x080090dd   Thumb Code   234  faddsub_clz.o(x$fpl$fsub)
    __fpl_return_NaN                         0x080091c7   Thumb Code   100  retnan.o(x$fpl$retnan)
    __ARM_scalbn                             0x0800922b   Thumb Code    92  scalbn.o(x$fpl$scalbn)
    __fpl_cmpreturn                          0x08009287   Thumb Code    48  trapv.o(x$fpl$trapveneer)
    __I$use$fp                               0x080092b6   Number         0  usenofp.o(x$fpl$usenofp)
    __mathlib_zero                           0x08009340   Data           8  qnan.o(.constdata)
    AHBPrescTable                            0x08009348   Data          16  system_stm32f1xx.o(.rodata.AHBPrescTable)
    APBPrescTable                            0x08009358   Data           8  system_stm32f1xx.o(.rodata.APBPrescTable)
    Region$$Table$$Base                      0x08009374   Number         0  anon$$obj.o(Region$$Table)
    Region$$Table$$Limit                     0x08009394   Number         0  anon$$obj.o(Region$$Table)
    RxS1                                     0x20000000   Data         120  communicate.o(.data.RxS1)
    RxS2                                     0x20000078   Data         120  communicate.o(.data.RxS2)
    SystemCoreClock                          0x200000f0   Data           4  system_stm32f1xx.o(.data.SystemCoreClock)
    angelx_ch                                0x200000f4   Data           8  actuator.o(.data.angelx_ch)
    angely_ch                                0x200000fc   Data           8  actuator.o(.data.angely_ch)
    pr_RxS1                                  0x20000104   Data           4  communicate.o(.data.pr_RxS1)
    pr_RxS2                                  0x20000108   Data           4  communicate.o(.data.pr_RxS2)
    uwTickFreq                               0x2000010c   Data           1  stm32f1xx_hal.o(.data.uwTickFreq)
    uwTickPrio                               0x20000110   Data           4  stm32f1xx_hal.o(.data.uwTickPrio)
    __libspace_start                         0x20000118   Data          96  libspace.o(.bss)
    JY901_data                               0x20000178   Data          72  jy901.o(.bss.JY901_data)
    __temporary_stack_top$libspace           0x20000178   Data           0  libspace.o(.bss)
    actuator_state                           0x200001c0   Data          40  actuator.o(.bss.actuator_state)
    hdma_usart1_rx                           0x200001e8   Data          68  usart.o(.bss.hdma_usart1_rx)
    hi2c1                                    0x2000022c   Data          84  i2c.o(.bss.hi2c1)
    htim1                                    0x20000280   Data          72  tim.o(.bss.htim1)
    htim2                                    0x200002c8   Data          72  tim.o(.bss.htim2)
    htim3                                    0x20000310   Data          72  tim.o(.bss.htim3)
    htim4                                    0x20000358   Data          72  tim.o(.bss.htim4)
    htim5                                    0x200003a0   Data          72  tim.o(.bss.htim5)
    htim6                                    0x200003e8   Data          72  tim.o(.bss.htim6)
    htim7                                    0x20000430   Data          72  tim.o(.bss.htim7)
    htim8                                    0x20000478   Data          72  tim.o(.bss.htim8)
    huart1                                   0x200004c0   Data          72  usart.o(.bss.huart1)
    huart2                                   0x20000508   Data          72  usart.o(.bss.huart2)
    huart3                                   0x20000550   Data          72  usart.o(.bss.huart3)
    huart4                                   0x20000598   Data          72  usart.o(.bss.huart4)
    ptz_curgest                              0x200005e0   Data          24  actuator.o(.bss.ptz_curgest)
    ptz_move                                 0x200005f8   Data          92  actuator.o(.bss.ptz_move)
    ptz_targest                              0x20000654   Data          24  actuator.o(.bss.ptz_targest)
    set_angel                                0x2000066c   Data           8  actuator.o(.bss.set_angel)
    stcAcc                                   0x20000674   Data           8  jy901.o(.bss.stcAcc)
    stcAngle                                 0x2000067c   Data           8  jy901.o(.bss.stcAngle)
    stcGyro                                  0x20000684   Data           8  jy901.o(.bss.stcGyro)
    uwTick                                   0x200006c4   Data           4  stm32f1xx_hal.o(.bss.uwTick)
    xpid                                     0x200006c8   Data          40  actuator.o(.bss.xpid)
    ypid                                     0x200006f0   Data          40  actuator.o(.bss.ypid)



==============================================================================

Memory Map of the image

  Image Entry point : 0x08000131

  Load Region LR_IROM1 (Base: 0x08000000, Size: 0x000094b0, Max: 0x00040000, ABSOLUTE)

    Execution Region ER_IROM1 (Exec base: 0x08000000, Load base: 0x08000000, Size: 0x00009394, Max: 0x00040000, ABSOLUTE)

    Exec Addr    Load Addr    Size         Type   Attr      Idx    E Section Name        Object

    0x08000000   0x08000000   0x00000130   Data   RO            3    RESET               startup_stm32f103xe.o
    0x08000130   0x08000130   0x00000008   Code   RO         1350  * !!!main             c_w.l(__main.o)
    0x08000138   0x08000138   0x00000034   Code   RO         1635    !!!scatter          c_w.l(__scatter.o)
    0x0800016c   0x0800016c   0x0000001a   Code   RO         1637    !!handler_copy      c_w.l(__scatter_copy.o)
    0x08000186   0x08000186   0x00000002   PAD
    0x08000188   0x08000188   0x0000001c   Code   RO         1639    !!handler_zi        c_w.l(__scatter_zi.o)
    0x080001a4   0x080001a4   0x00000002   Code   RO         1496    .ARM.Collect$$libinit$$00000000  c_w.l(libinit.o)
    0x080001a6   0x080001a6   0x00000000   Code   RO         1502    .ARM.Collect$$libinit$$00000002  c_w.l(libinit2.o)
    0x080001a6   0x080001a6   0x00000000   Code   RO         1504    .ARM.Collect$$libinit$$00000004  c_w.l(libinit2.o)
    0x080001a6   0x080001a6   0x00000000   Code   RO         1506    .ARM.Collect$$libinit$$00000006  c_w.l(libinit2.o)
    0x080001a6   0x080001a6   0x00000000   Code   RO         1509    .ARM.Collect$$libinit$$0000000C  c_w.l(libinit2.o)
    0x080001a6   0x080001a6   0x00000000   Code   RO         1511    .ARM.Collect$$libinit$$0000000E  c_w.l(libinit2.o)
    0x080001a6   0x080001a6   0x00000000   Code   RO         1513    .ARM.Collect$$libinit$$00000010  c_w.l(libinit2.o)
    0x080001a6   0x080001a6   0x00000000   Code   RO         1516    .ARM.Collect$$libinit$$00000013  c_w.l(libinit2.o)
    0x080001a6   0x080001a6   0x00000000   Code   RO         1518    .ARM.Collect$$libinit$$00000015  c_w.l(libinit2.o)
    0x080001a6   0x080001a6   0x00000000   Code   RO         1520    .ARM.Collect$$libinit$$00000017  c_w.l(libinit2.o)
    0x080001a6   0x080001a6   0x00000000   Code   RO         1522    .ARM.Collect$$libinit$$00000019  c_w.l(libinit2.o)
    0x080001a6   0x080001a6   0x00000000   Code   RO         1524    .ARM.Collect$$libinit$$0000001B  c_w.l(libinit2.o)
    0x080001a6   0x080001a6   0x00000000   Code   RO         1526    .ARM.Collect$$libinit$$0000001D  c_w.l(libinit2.o)
    0x080001a6   0x080001a6   0x00000000   Code   RO         1528    .ARM.Collect$$libinit$$0000001F  c_w.l(libinit2.o)
    0x080001a6   0x080001a6   0x00000000   Code   RO         1530    .ARM.Collect$$libinit$$00000021  c_w.l(libinit2.o)
    0x080001a6   0x080001a6   0x00000000   Code   RO         1532    .ARM.Collect$$libinit$$00000023  c_w.l(libinit2.o)
    0x080001a6   0x080001a6   0x00000000   Code   RO         1534    .ARM.Collect$$libinit$$00000025  c_w.l(libinit2.o)
    0x080001a6   0x080001a6   0x00000000   Code   RO         1536    .ARM.Collect$$libinit$$00000027  c_w.l(libinit2.o)
    0x080001a6   0x080001a6   0x00000000   Code   RO         1540    .ARM.Collect$$libinit$$0000002E  c_w.l(libinit2.o)
    0x080001a6   0x080001a6   0x00000000   Code   RO         1542    .ARM.Collect$$libinit$$00000030  c_w.l(libinit2.o)
    0x080001a6   0x080001a6   0x00000000   Code   RO         1544    .ARM.Collect$$libinit$$00000032  c_w.l(libinit2.o)
    0x080001a6   0x080001a6   0x00000000   Code   RO         1546    .ARM.Collect$$libinit$$00000034  c_w.l(libinit2.o)
    0x080001a6   0x080001a6   0x00000002   Code   RO         1547    .ARM.Collect$$libinit$$00000035  c_w.l(libinit2.o)
    0x080001a8   0x080001a8   0x00000002   Code   RO         1571    .ARM.Collect$$libshutdown$$00000000  c_w.l(libshutdown.o)
    0x080001aa   0x080001aa   0x00000000   Code   RO         1586    .ARM.Collect$$libshutdown$$00000002  c_w.l(libshutdown2.o)
    0x080001aa   0x080001aa   0x00000000   Code   RO         1588    .ARM.Collect$$libshutdown$$00000004  c_w.l(libshutdown2.o)
    0x080001aa   0x080001aa   0x00000000   Code   RO         1591    .ARM.Collect$$libshutdown$$00000007  c_w.l(libshutdown2.o)
    0x080001aa   0x080001aa   0x00000000   Code   RO         1594    .ARM.Collect$$libshutdown$$0000000A  c_w.l(libshutdown2.o)
    0x080001aa   0x080001aa   0x00000000   Code   RO         1596    .ARM.Collect$$libshutdown$$0000000C  c_w.l(libshutdown2.o)
    0x080001aa   0x080001aa   0x00000000   Code   RO         1599    .ARM.Collect$$libshutdown$$0000000F  c_w.l(libshutdown2.o)
    0x080001aa   0x080001aa   0x00000002   Code   RO         1600    .ARM.Collect$$libshutdown$$00000010  c_w.l(libshutdown2.o)
    0x080001ac   0x080001ac   0x00000000   Code   RO         1401    .ARM.Collect$$rtentry$$00000000  c_w.l(__rtentry.o)
    0x080001ac   0x080001ac   0x00000000   Code   RO         1457    .ARM.Collect$$rtentry$$00000002  c_w.l(__rtentry2.o)
    0x080001ac   0x080001ac   0x00000006   Code   RO         1469    .ARM.Collect$$rtentry$$00000004  c_w.l(__rtentry4.o)
    0x080001b2   0x080001b2   0x00000000   Code   RO         1459    .ARM.Collect$$rtentry$$00000009  c_w.l(__rtentry2.o)
    0x080001b2   0x080001b2   0x00000004   Code   RO         1460    .ARM.Collect$$rtentry$$0000000A  c_w.l(__rtentry2.o)
    0x080001b6   0x080001b6   0x00000000   Code   RO         1462    .ARM.Collect$$rtentry$$0000000C  c_w.l(__rtentry2.o)
    0x080001b6   0x080001b6   0x00000008   Code   RO         1463    .ARM.Collect$$rtentry$$0000000D  c_w.l(__rtentry2.o)
    0x080001be   0x080001be   0x00000002   Code   RO         1499    .ARM.Collect$$rtexit$$00000000  c_w.l(rtexit.o)
    0x080001c0   0x080001c0   0x00000000   Code   RO         1551    .ARM.Collect$$rtexit$$00000002  c_w.l(rtexit2.o)
    0x080001c0   0x080001c0   0x00000004   Code   RO         1552    .ARM.Collect$$rtexit$$00000003  c_w.l(rtexit2.o)
    0x080001c4   0x080001c4   0x00000006   Code   RO         1553    .ARM.Collect$$rtexit$$00000004  c_w.l(rtexit2.o)
    0x080001ca   0x080001ca   0x00000002   PAD
    0x080001cc   0x080001cc   0x00000040   Code   RO            4    .text               startup_stm32f103xe.o
    0x0800020c   0x0800020c   0x0000003e   Code   RO         1344    .text               c_w.l(strlen.o)
    0x0800024a   0x0800024a   0x0000004e   Code   RO         1346    .text               c_w.l(rt_memclr_w.o)
    0x08000298   0x08000298   0x00000006   Code   RO         1348    .text               c_w.l(heapauxi.o)
    0x0800029e   0x0800029e   0x00000016   Code   RO         1402    .text               c_w.l(_rserrno.o)
    0x080002b4   0x080002b4   0x00000008   Code   RO         1474    .text               c_w.l(rt_errno_addr_intlibspace.o)
    0x080002bc   0x080002bc   0x00000008   Code   RO         1484    .text               c_w.l(libspace.o)
    0x080002c4   0x080002c4   0x0000004a   Code   RO         1487    .text               c_w.l(sys_stackheap_outer.o)
    0x0800030e   0x0800030e   0x00000012   Code   RO         1489    .text               c_w.l(exit.o)
    0x08000320   0x08000320   0x0000000c   Code   RO         1561    .text               c_w.l(sys_exit.o)
    0x0800032c   0x0800032c   0x00000002   Code   RO         1576    .text               c_w.l(use_no_semi.o)
    0x0800032e   0x0800032e   0x00000000   Code   RO         1578    .text               c_w.l(indicate_semi.o)
    0x0800032e   0x0800032e   0x00000002   PAD
    0x08000330   0x08000330   0x00000004   Code   RO          257    .text.BusFault_Handler  stm32f1xx_it.o
    0x08000334   0x08000334   0x00000010   Code   RO          269    .text.DMA1_Channel5_IRQHandler  stm32f1xx_it.o
    0x08000344   0x08000344   0x00000050   Code   RO          627    .text.DMA_SetConfig  stm32f1xx_hal_dma.o
    0x08000394   0x08000394   0x00000002   Code   RO          263    .text.DebugMon_Handler  stm32f1xx_it.o
    0x08000396   0x08000396   0x00000002   PAD
    0x08000398   0x08000398   0x0000000e   Code   RO          146    .text.Error_Handler  main.o
    0x080003a6   0x080003a6   0x00000002   PAD
    0x080003a8   0x080003a8   0x0000007c   Code   RO          631    .text.HAL_DMA_Abort  stm32f1xx_hal_dma.o
    0x08000424   0x08000424   0x00000318   Code   RO          633    .text.HAL_DMA_Abort_IT  stm32f1xx_hal_dma.o
    0x0800073c   0x0800073c   0x00000684   Code   RO          637    .text.HAL_DMA_IRQHandler  stm32f1xx_hal_dma.o
    0x08000dc0   0x08000dc0   0x000000f4   Code   RO          621    .text.HAL_DMA_Init  stm32f1xx_hal_dma.o
    0x08000eb4   0x08000eb4   0x000000ca   Code   RO          629    .text.HAL_DMA_Start_IT  stm32f1xx_hal_dma.o
    0x08000f7e   0x08000f7e   0x00000002   PAD
    0x08000f80   0x08000f80   0x00000042   Code   RO          504    .text.HAL_Delay     stm32f1xx_hal.o
    0x08000fc2   0x08000fc2   0x00000002   PAD
    0x08000fc4   0x08000fc4   0x00000356   Code   RO          598    .text.HAL_GPIO_Init  stm32f1xx_hal_gpio.o
    0x0800131a   0x0800131a   0x00000002   PAD
    0x0800131c   0x0800131c   0x00000026   Code   RO          606    .text.HAL_GPIO_TogglePin  stm32f1xx_hal_gpio.o
    0x08001342   0x08001342   0x00000002   PAD
    0x08001344   0x08001344   0x0000002e   Code   RO          604    .text.HAL_GPIO_WritePin  stm32f1xx_hal_gpio.o
    0x08001372   0x08001372   0x00000002   PAD
    0x08001374   0x08001374   0x0000000c   Code   RO          496    .text.HAL_GetTick   stm32f1xx_hal.o
    0x08001380   0x08001380   0x000002a4   Code   RO          313    .text.HAL_I2C_Init  stm32f1xx_hal_i2c.o
    0x08001624   0x08001624   0x000000a2   Code   RO          174    .text.HAL_I2C_MspInit  i2c.o
    0x080016c6   0x080016c6   0x00000002   PAD
    0x080016c8   0x080016c8   0x0000001a   Code   RO          494    .text.HAL_IncTick   stm32f1xx_hal.o
    0x080016e2   0x080016e2   0x00000002   PAD
    0x080016e4   0x080016e4   0x00000026   Code   RO          484    .text.HAL_Init      stm32f1xx_hal.o
    0x0800170a   0x0800170a   0x00000002   PAD
    0x0800170c   0x0800170c   0x00000070   Code   RO          486    .text.HAL_InitTick  stm32f1xx_hal.o
    0x0800177c   0x0800177c   0x00000064   Code   RO          292    .text.HAL_MspInit   stm32f1xx_hal_msp.o
    0x080017e0   0x080017e0   0x00000014   Code   RO          666    .text.HAL_NVIC_EnableIRQ  stm32f1xx_hal_cortex.o
    0x080017f4   0x080017f4   0x00000032   Code   RO          658    .text.HAL_NVIC_SetPriority  stm32f1xx_hal_cortex.o
    0x08001826   0x08001826   0x00000002   PAD
    0x08001828   0x08001828   0x00000010   Code   RO          654    .text.HAL_NVIC_SetPriorityGrouping  stm32f1xx_hal_cortex.o
    0x08001838   0x08001838   0x00000256   Code   RO          550    .text.HAL_RCC_ClockConfig  stm32f1xx_hal_rcc.o
    0x08001a8e   0x08001a8e   0x00000002   PAD
    0x08001a90   0x08001a90   0x0000000c   Code   RO          560    .text.HAL_RCC_GetHCLKFreq  stm32f1xx_hal_rcc.o
    0x08001a9c   0x08001a9c   0x00000022   Code   RO          562    .text.HAL_RCC_GetPCLK1Freq  stm32f1xx_hal_rcc.o
    0x08001abe   0x08001abe   0x00000002   PAD
    0x08001ac0   0x08001ac0   0x00000022   Code   RO          564    .text.HAL_RCC_GetPCLK2Freq  stm32f1xx_hal_rcc.o
    0x08001ae2   0x08001ae2   0x00000002   PAD
    0x08001ae4   0x08001ae4   0x000000bc   Code   RO          552    .text.HAL_RCC_GetSysClockFreq  stm32f1xx_hal_rcc.o
    0x08001ba0   0x08001ba0   0x0000067a   Code   RO          546    .text.HAL_RCC_OscConfig  stm32f1xx_hal_rcc.o
    0x0800221a   0x0800221a   0x00000002   PAD
    0x0800221c   0x0800221c   0x00000010   Code   RO          678    .text.HAL_SYSTICK_Config  stm32f1xx_hal_cortex.o
    0x0800222c   0x0800222c   0x00000008   Code   RO         1185    .text.HAL_TIMEx_BreakCallback  stm32f1xx_hal_tim_ex.o
    0x08002234   0x08002234   0x00000008   Code   RO         1181    .text.HAL_TIMEx_CommutCallback  stm32f1xx_hal_tim_ex.o
    0x0800223c   0x0800223c   0x00000100   Code   RO         1175    .text.HAL_TIMEx_MasterConfigSynchronization  stm32f1xx_hal_tim_ex.o
    0x0800233c   0x0800233c   0x0000009c   Code   RO          862    .text.HAL_TIM_Base_Init  stm32f1xx_hal_tim.o
    0x080023d8   0x080023d8   0x00000176   Code   RO          204    .text.HAL_TIM_Base_MspInit  tim.o
    0x0800254e   0x0800254e   0x00000002   PAD
    0x08002550   0x08002550   0x000000d4   Code   RO          876    .text.HAL_TIM_Base_Start_IT  stm32f1xx_hal_tim.o
    0x08002624   0x08002624   0x00000184   Code   RO         1054    .text.HAL_TIM_ConfigClockSource  stm32f1xx_hal_tim.o
    0x080027a8   0x080027a8   0x00000128   Code   RO          976    .text.HAL_TIM_Encoder_Init  stm32f1xx_hal_tim.o
    0x080028d0   0x080028d0   0x00000146   Code   RO          206    .text.HAL_TIM_Encoder_MspInit  tim.o
    0x08002a16   0x08002a16   0x00000002   PAD
    0x08002a18   0x08002a18   0x0000014e   Code   RO          984    .text.HAL_TIM_Encoder_Start  stm32f1xx_hal_tim.o
    0x08002b66   0x08002b66   0x00000002   PAD
    0x08002b68   0x08002b68   0x00000008   Code   RO          998    .text.HAL_TIM_IC_CaptureCallback  stm32f1xx_hal_tim.o
    0x08002b70   0x08002b70   0x0000027a   Code   RO          996    .text.HAL_TIM_IRQHandler  stm32f1xx_hal_tim.o
    0x08002dea   0x08002dea   0x00000002   PAD
    0x08002dec   0x08002dec   0x000000aa   Code   RO          192    .text.HAL_TIM_MspPostInit  tim.o
    0x08002e96   0x08002e96   0x00000002   PAD
    0x08002e98   0x08002e98   0x00000008   Code   RO         1000    .text.HAL_TIM_OC_DelayElapsedCallback  stm32f1xx_hal_tim.o
    0x08002ea0   0x08002ea0   0x00000142   Code   RO         1028    .text.HAL_TIM_PWM_ConfigChannel  stm32f1xx_hal_tim.o
    0x08002fe2   0x08002fe2   0x00000002   PAD
    0x08002fe4   0x08002fe4   0x0000009c   Code   RO          916    .text.HAL_TIM_PWM_Init  stm32f1xx_hal_tim.o
    0x08003080   0x08003080   0x00000008   Code   RO          918    .text.HAL_TIM_PWM_MspInit  stm32f1xx_hal_tim.o
    0x08003088   0x08003088   0x00000008   Code   RO         1002    .text.HAL_TIM_PWM_PulseFinishedCallback  stm32f1xx_hal_tim.o
    0x08003090   0x08003090   0x000001aa   Code   RO          924    .text.HAL_TIM_PWM_Start  stm32f1xx_hal_tim.o
    0x0800323a   0x0800323a   0x00000002   PAD
    0x0800323c   0x0800323c   0x000000a2   Code   RO           29    .text.HAL_TIM_PeriodElapsedCallback  actuator.o
    0x080032de   0x080032de   0x00000002   PAD
    0x080032e0   0x080032e0   0x00000008   Code   RO         1006    .text.HAL_TIM_TriggerCallback  stm32f1xx_hal_tim.o
    0x080032e8   0x080032e8   0x0000000c   Code   RO         1290    .text.HAL_UARTEx_RxEventCallback  stm32f1xx_hal_uart.o
    0x080032f4   0x080032f4   0x000000cc   Code   RO         1242    .text.HAL_UART_DMAStop  stm32f1xx_hal_uart.o
    0x080033c0   0x080033c0   0x00000008   Code   RO         1288    .text.HAL_UART_ErrorCallback  stm32f1xx_hal_uart.o
    0x080033c8   0x080033c8   0x0000042a   Code   RO         1282    .text.HAL_UART_IRQHandler  stm32f1xx_hal_uart.o
    0x080037f2   0x080037f2   0x00000002   PAD
    0x080037f4   0x080037f4   0x0000009e   Code   RO         1198    .text.HAL_UART_Init  stm32f1xx_hal_uart.o
    0x08003892   0x08003892   0x00000002   PAD
    0x08003894   0x08003894   0x000002bc   Code   RO          235    .text.HAL_UART_MspInit  usart.o
    0x08003b50   0x08003b50   0x00000056   Code   RO         1234    .text.HAL_UART_Receive_DMA  stm32f1xx_hal_uart.o
    0x08003ba6   0x08003ba6   0x00000002   PAD
    0x08003ba8   0x08003ba8   0x00000056   Code   RO         1222    .text.HAL_UART_Receive_IT  stm32f1xx_hal_uart.o
    0x08003bfe   0x08003bfe   0x00000002   PAD
    0x08003c00   0x08003c00   0x00000064   Code   RO          100    .text.HAL_UART_RxCpltCallback  communicate.o
    0x08003c64   0x08003c64   0x00000008   Code   RO         1302    .text.HAL_UART_RxHalfCpltCallback  stm32f1xx_hal_uart.o
    0x08003c6c   0x08003c6c   0x00000008   Code   RO         1296    .text.HAL_UART_TxCpltCallback  stm32f1xx_hal_uart.o
    0x08003c74   0x08003c74   0x00000004   Code   RO          253    .text.HardFault_Handler  stm32f1xx_it.o
    0x08003c78   0x08003c78   0x000000bc   Code   RO          133    .text.Incremental_PID  pid.o
    0x08003d34   0x08003d34   0x000001d8   Code   RO          116    .text.JY901_Process  jy901.o
    0x08003f0c   0x08003f0c   0x00000038   Code   RO          164    .text.MX_DMA_Init   dma.o
    0x08003f44   0x08003f44   0x00000184   Code   RO          156    .text.MX_GPIO_Init  gpio.o
    0x080040c8   0x080040c8   0x00000048   Code   RO          172    .text.MX_I2C1_Init  i2c.o
    0x08004110   0x08004110   0x00000086   Code   RO          186    .text.MX_TIM1_Init  tim.o
    0x08004196   0x08004196   0x00000002   PAD
    0x08004198   0x08004198   0x00000078   Code   RO          188    .text.MX_TIM2_Init  tim.o
    0x08004210   0x08004210   0x000000f4   Code   RO          190    .text.MX_TIM3_Init  tim.o
    0x08004304   0x08004304   0x000000f2   Code   RO          194    .text.MX_TIM4_Init  tim.o
    0x080043f6   0x080043f6   0x00000002   PAD
    0x080043f8   0x080043f8   0x00000084   Code   RO          196    .text.MX_TIM5_Init  tim.o
    0x0800447c   0x0800447c   0x0000005a   Code   RO          198    .text.MX_TIM6_Init  tim.o
    0x080044d6   0x080044d6   0x00000002   PAD
    0x080044d8   0x080044d8   0x0000005a   Code   RO          200    .text.MX_TIM7_Init  tim.o
    0x08004532   0x08004532   0x00000002   PAD
    0x08004534   0x08004534   0x00000080   Code   RO          202    .text.MX_TIM8_Init  tim.o
    0x080045b4   0x080045b4   0x00000040   Code   RO          227    .text.MX_UART4_Init  usart.o
    0x080045f4   0x080045f4   0x00000062   Code   RO          229    .text.MX_USART1_UART_Init  usart.o
    0x08004656   0x08004656   0x00000002   PAD
    0x08004658   0x08004658   0x00000040   Code   RO          231    .text.MX_USART2_UART_Init  usart.o
    0x08004698   0x08004698   0x00000040   Code   RO          233    .text.MX_USART3_UART_Init  usart.o
    0x080046d8   0x080046d8   0x00000004   Code   RO          255    .text.MemManage_Handler  stm32f1xx_it.o
    0x080046dc   0x080046dc   0x00000004   Code   RO          251    .text.NMI_Handler   stm32f1xx_it.o
    0x080046e0   0x080046e0   0x0000006c   Code   RO          664    .text.NVIC_EncodePriority  stm32f1xx_hal_cortex.o
    0x0800474c   0x0800474c   0x00000118   Code   RO           96    .text.Num_TransPID  communicate.o
    0x08004864   0x08004864   0x00000002   Code   RO          265    .text.PendSV_Handler  stm32f1xx_it.o
    0x08004866   0x08004866   0x00000002   PAD
    0x08004868   0x08004868   0x0000003a   Code   RO          548    .text.RCC_Delay     stm32f1xx_hal_rcc.o
    0x080048a2   0x080048a2   0x00000002   PAD
    0x080048a4   0x080048a4   0x00000002   Code   RO          261    .text.SVC_Handler   stm32f1xx_it.o
    0x080048a6   0x080048a6   0x00000002   PAD
    0x080048a8   0x080048a8   0x00000052   Code   RO          680    .text.SysTick_Config  stm32f1xx_hal_cortex.o
    0x080048fa   0x080048fa   0x00000002   PAD
    0x080048fc   0x080048fc   0x00000008   Code   RO          267    .text.SysTick_Handler  stm32f1xx_it.o
    0x08004904   0x08004904   0x0000006c   Code   RO          144    .text.SystemClock_Config  main.o
    0x08004970   0x08004970   0x00000002   Code   RO         1329    .text.SystemInit    system_stm32f1xx.o
    0x08004972   0x08004972   0x00000002   PAD
    0x08004974   0x08004974   0x00000010   Code   RO          277    .text.TIM5_IRQHandler  stm32f1xx_it.o
    0x08004984   0x08004984   0x00000010   Code   RO          281    .text.TIM6_IRQHandler  stm32f1xx_it.o
    0x08004994   0x08004994   0x00000010   Code   RO          283    .text.TIM7_IRQHandler  stm32f1xx_it.o
    0x080049a4   0x080049a4   0x00000140   Code   RO          866    .text.TIM_Base_SetConfig  stm32f1xx_hal_tim.o
    0x08004ae4   0x08004ae4   0x00000036   Code   RO          900    .text.TIM_CCxChannelCmd  stm32f1xx_hal_tim.o
    0x08004b1a   0x08004b1a   0x00000002   PAD
    0x08004b1c   0x08004b1c   0x00000034   Code   RO         1052    .text.TIM_ETR_SetConfig  stm32f1xx_hal_tim.o
    0x08004b50   0x08004b50   0x0000002a   Code   RO         1058    .text.TIM_ITRx_SetConfig  stm32f1xx_hal_tim.o
    0x08004b7a   0x08004b7a   0x00000002   PAD
    0x08004b7c   0x08004b7c   0x000000ee   Code   RO         1010    .text.TIM_OC1_SetConfig  stm32f1xx_hal_tim.o
    0x08004c6a   0x08004c6a   0x00000002   PAD
    0x08004c6c   0x08004c6c   0x000000f8   Code   RO         1012    .text.TIM_OC2_SetConfig  stm32f1xx_hal_tim.o
    0x08004d64   0x08004d64   0x000000f6   Code   RO         1014    .text.TIM_OC3_SetConfig  stm32f1xx_hal_tim.o
    0x08004e5a   0x08004e5a   0x00000002   PAD
    0x08004e5c   0x08004e5c   0x000000a6   Code   RO         1016    .text.TIM_OC4_SetConfig  stm32f1xx_hal_tim.o
    0x08004f02   0x08004f02   0x00000002   PAD
    0x08004f04   0x08004f04   0x00000050   Code   RO         1056    .text.TIM_TI1_ConfigInputStage  stm32f1xx_hal_tim.o
    0x08004f54   0x08004f54   0x00000052   Code   RO         1060    .text.TIM_TI2_ConfigInputStage  stm32f1xx_hal_tim.o
    0x08004fa6   0x08004fa6   0x00000002   PAD
    0x08004fa8   0x08004fa8   0x00000010   Code   RO          279    .text.UART4_IRQHandler  stm32f1xx_it.o
    0x08004fb8   0x08004fb8   0x00000020   Code   RO         1286    .text.UART_DMAAbortOnError  stm32f1xx_hal_uart.o
    0x08004fd8   0x08004fd8   0x0000007c   Code   RO         1232    .text.UART_DMAError  stm32f1xx_hal_uart.o
    0x08005054   0x08005054   0x000000f4   Code   RO         1318    .text.UART_DMAReceiveCplt  stm32f1xx_hal_uart.o
    0x08005148   0x08005148   0x00000034   Code   RO         1320    .text.UART_DMARxHalfCplt  stm32f1xx_hal_uart.o
    0x0800517c   0x0800517c   0x00000094   Code   RO         1246    .text.UART_EndRxTransfer  stm32f1xx_hal_uart.o
    0x08005210   0x08005210   0x00000026   Code   RO         1294    .text.UART_EndTransmit_IT  stm32f1xx_hal_uart.o
    0x08005236   0x08005236   0x00000002   PAD
    0x08005238   0x08005238   0x00000036   Code   RO         1244    .text.UART_EndTxTransfer  stm32f1xx_hal_uart.o
    0x0800526e   0x0800526e   0x00000002   PAD
    0x08005270   0x08005270   0x0000016a   Code   RO         1284    .text.UART_Receive_IT  stm32f1xx_hal_uart.o
    0x080053da   0x080053da   0x00000002   PAD
    0x080053dc   0x080053dc   0x000000ba   Code   RO         1202    .text.UART_SetConfig  stm32f1xx_hal_uart.o
    0x08005496   0x08005496   0x00000002   PAD
    0x08005498   0x08005498   0x0000010c   Code   RO         1236    .text.UART_Start_Receive_DMA  stm32f1xx_hal_uart.o
    0x080055a4   0x080055a4   0x00000062   Code   RO         1224    .text.UART_Start_Receive_IT  stm32f1xx_hal_uart.o
    0x08005606   0x08005606   0x00000002   PAD
    0x08005608   0x08005608   0x00000094   Code   RO         1292    .text.UART_Transmit_IT  stm32f1xx_hal_uart.o
    0x0800569c   0x0800569c   0x000000a6   Code   RO          271    .text.USART1_IRQHandler  stm32f1xx_it.o
    0x08005742   0x08005742   0x00000002   PAD
    0x08005744   0x08005744   0x00000010   Code   RO          273    .text.USART2_IRQHandler  stm32f1xx_it.o
    0x08005754   0x08005754   0x00000010   Code   RO          275    .text.USART3_IRQHandler  stm32f1xx_it.o
    0x08005764   0x08005764   0x00000004   Code   RO          259    .text.UsageFault_Handler  stm32f1xx_it.o
    0x08005768   0x08005768   0x00000030   Code   RO          668    .text.__NVIC_EnableIRQ  stm32f1xx_hal_cortex.o
    0x08005798   0x08005798   0x00000010   Code   RO          660    .text.__NVIC_GetPriorityGrouping  stm32f1xx_hal_cortex.o
    0x080057a8   0x080057a8   0x00000042   Code   RO          662    .text.__NVIC_SetPriority  stm32f1xx_hal_cortex.o
    0x080057ea   0x080057ea   0x00000002   PAD
    0x080057ec   0x080057ec   0x0000003c   Code   RO          656    .text.__NVIC_SetPriorityGrouping  stm32f1xx_hal_cortex.o
    0x08005828   0x08005828   0x00000102   Code   RO           21    .text.aim           actuator.o
    0x0800592a   0x0800592a   0x00000002   PAD
    0x0800592c   0x0800592c   0x00000192   Code   RO           19    .text.cal_PID       actuator.o
    0x08005abe   0x08005abe   0x00000002   PAD
    0x08005ac0   0x08005ac0   0x00000a52   Code   RO           98    .text.communicate   communicate.o
    0x08006512   0x08006512   0x00000002   PAD
    0x08006514   0x08006514   0x0000022a   Code   RO           25    .text.init_actuator  actuator.o
    0x0800673e   0x0800673e   0x00000002   PAD
    0x08006740   0x08006740   0x0000006c   Code   RO           13    .text.init_actuator_state  actuator.o
    0x080067ac   0x080067ac   0x00000064   Code   RO           17    .text.initgesture   actuator.o
    0x08006810   0x08006810   0x000000ac   Code   RO          129    .text.initpid       pid.o
    0x080068bc   0x080068bc   0x000000b6   Code   RO           15    .text.judge_move    actuator.o
    0x08006972   0x08006972   0x00000002   PAD
    0x08006974   0x08006974   0x000000c8   Code   RO          142    .text.main          main.o
    0x08006a3c   0x08006a3c   0x000000d0   Code   RO           11    .text.set_actuator  actuator.o
    0x08006b0c   0x08006b0c   0x000008e2   Code   RO           27    .text.task          actuator.o
    0x080073ee   0x080073ee   0x00000028   Code   RO         1447    i.__ARM_fpclassify  m_ws.l(fpclassify.o)
    0x08007416   0x08007416   0x000000aa   Code   RO         1449    i.__kernel_poly     m_ws.l(poly.o)
    0x080074c0   0x080074c0   0x00000010   Code   RO         1433    i.__mathlib_dbl_divzero  m_ws.l(dunder.o)
    0x080074d0   0x080074d0   0x00000004   Code   RO         1435    i.__mathlib_dbl_infnan2  m_ws.l(dunder.o)
    0x080074d4   0x080074d4   0x0000000c   Code   RO         1436    i.__mathlib_dbl_invalid  m_ws.l(dunder.o)
    0x080074e0   0x080074e0   0x0000000e   Code   RO         1437    i.__mathlib_dbl_overflow  m_ws.l(dunder.o)
    0x080074ee   0x080074ee   0x00000002   PAD
    0x080074f0   0x080074f0   0x00000010   Code   RO         1439    i.__mathlib_dbl_underflow  m_ws.l(dunder.o)
    0x08007500   0x08007500   0x000009ec   Code   RO         1397    i.pow               m_ws.l(pow.o)
    0x08007eec   0x08007eec   0x0000004c   Code   RO         1453    i.sqrt              m_ws.l(sqrt.o)
    0x08007f38   0x08007f38   0x00000062   Code   RO         1352    x$fpl$d2f           fz_ws.l(d2f.o)
    0x08007f9a   0x08007f9a   0x00000002   PAD
    0x08007f9c   0x08007f9c   0x00000150   Code   RO         1354    x$fpl$dadd          fz_ws.l(daddsub_clz.o)
    0x080080ec   0x080080ec   0x00000010   Code   RO         1476    x$fpl$dcheck1       fz_ws.l(dcheck1.o)
    0x080080fc   0x080080fc   0x00000018   Code   RO         1478    x$fpl$dcmpinf       fz_ws.l(dcmpi.o)
    0x08008114   0x08008114   0x000002b4   Code   RO         1405    x$fpl$ddiv          fz_ws.l(ddiv.o)
    0x080083c8   0x080083c8   0x0000002e   Code   RO         1363    x$fpl$dflt          fz_ws.l(dflt_clz.o)
    0x080083f6   0x080083f6   0x00000002   PAD
    0x080083f8   0x080083f8   0x00000078   Code   RO         1412    x$fpl$dleqf         fz_ws.l(dleqf.o)
    0x08008470   0x08008470   0x00000154   Code   RO         1368    x$fpl$dmul          fz_ws.l(dmul.o)
    0x080085c4   0x080085c4   0x0000009c   Code   RO         1414    x$fpl$dnaninf       fz_ws.l(dnaninf.o)
    0x08008660   0x08008660   0x0000000c   Code   RO         1416    x$fpl$dretinf       fz_ws.l(dretinf.o)
    0x0800866c   0x0800866c   0x0000006c   Code   RO         1418    x$fpl$drleqf        fz_ws.l(drleqf.o)
    0x080086d8   0x080086d8   0x00000016   Code   RO         1355    x$fpl$drsb          fz_ws.l(daddsub_clz.o)
    0x080086ee   0x080086ee   0x00000002   PAD
    0x080086f0   0x080086f0   0x000001cc   Code   RO         1480    x$fpl$dsqrt         fz_ws.l(dsqrt_noumaal.o)
    0x080088bc   0x080088bc   0x000001dc   Code   RO         1356    x$fpl$dsub          fz_ws.l(daddsub_clz.o)
    0x08008a98   0x08008a98   0x00000056   Code   RO         1370    x$fpl$f2d           fz_ws.l(f2d.o)
    0x08008aee   0x08008aee   0x00000002   PAD
    0x08008af0   0x08008af0   0x000000c4   Code   RO         1372    x$fpl$fadd          fz_ws.l(faddsub_clz.o)
    0x08008bb4   0x08008bb4   0x00000054   Code   RO         1378    x$fpl$fcmp          fz_ws.l(fcmp.o)
    0x08008c08   0x08008c08   0x00000018   Code   RO         1482    x$fpl$fcmpinf       fz_ws.l(fcmpi.o)
    0x08008c20   0x08008c20   0x00000184   Code   RO         1381    x$fpl$fdiv          fz_ws.l(fdiv.o)
    0x08008da4   0x08008da4   0x00000068   Code   RO         1420    x$fpl$feqf          fz_ws.l(feqf.o)
    0x08008e0c   0x08008e0c   0x00000036   Code   RO         1384    x$fpl$ffix          fz_ws.l(ffix.o)
    0x08008e42   0x08008e42   0x00000002   PAD
    0x08008e44   0x08008e44   0x00000030   Code   RO         1389    x$fpl$fflt          fz_ws.l(fflt_clz.o)
    0x08008e74   0x08008e74   0x00000068   Code   RO         1422    x$fpl$fgeqf         fz_ws.l(fgeqf.o)
    0x08008edc   0x08008edc   0x00000068   Code   RO         1424    x$fpl$fleqf         fz_ws.l(fleqf.o)
    0x08008f44   0x08008f44   0x00000102   Code   RO         1394    x$fpl$fmul          fz_ws.l(fmul.o)
    0x08009046   0x08009046   0x0000008c   Code   RO         1426    x$fpl$fnaninf       fz_ws.l(fnaninf.o)
    0x080090d2   0x080090d2   0x0000000a   Code   RO         1428    x$fpl$fretinf       fz_ws.l(fretinf.o)
    0x080090dc   0x080090dc   0x000000ea   Code   RO         1374    x$fpl$fsub          fz_ws.l(faddsub_clz.o)
    0x080091c6   0x080091c6   0x00000064   Code   RO         1497    x$fpl$retnan        fz_ws.l(retnan.o)
    0x0800922a   0x0800922a   0x0000005c   Code   RO         1430    x$fpl$scalbn        fz_ws.l(scalbn.o)
    0x08009286   0x08009286   0x00000030   Code   RO         1548    x$fpl$trapveneer    fz_ws.l(trapv.o)
    0x080092b6   0x080092b6   0x00000000   Code   RO         1432    x$fpl$usenofp       fz_ws.l(usenofp.o)
    0x080092b6   0x080092b6   0x00000002   PAD
    0x080092b8   0x080092b8   0x00000088   Data   RO         1398    .constdata          m_ws.l(pow.o)
    0x08009340   0x08009340   0x00000008   Data   RO         1451    .constdata          m_ws.l(qnan.o)
    0x08009348   0x08009348   0x00000010   Data   RO         1334    .rodata.AHBPrescTable  system_stm32f1xx.o
    0x08009358   0x08009358   0x00000008   Data   RO         1335    .rodata.APBPrescTable  system_stm32f1xx.o
    0x08009360   0x08009360   0x00000010   Data   RO          574    .rodata.HAL_RCC_GetSysClockFreq.aPLLMULFactorTable  stm32f1xx_hal_rcc.o
    0x08009370   0x08009370   0x00000002   Data   RO          575    .rodata.HAL_RCC_GetSysClockFreq.aPredivFactorTable  stm32f1xx_hal_rcc.o
    0x08009372   0x08009372   0x00000002   PAD
    0x08009374   0x08009374   0x00000020   Data   RO         1634    Region$$Table       anon$$obj.o


    Execution Region RW_IRAM1 (Exec base: 0x20000000, Load base: 0x08009398, Size: 0x00000d18, Max: 0x0000c000, ABSOLUTE)

    Exec Addr    Load Addr    Size         Type   Attr      Idx    E Section Name        Object

    0x20000000   0x08009398   0x00000078   Data   RW          102    .data.RxS1          communicate.o
    0x20000078   0x08009410   0x00000078   Data   RW          104    .data.RxS2          communicate.o
    0x200000f0   0x08009488   0x00000004   Data   RW         1333    .data.SystemCoreClock  system_stm32f1xx.o
    0x200000f4   0x0800948c   0x00000008   Data   RW           39    .data.angelx_ch     actuator.o
    0x200000fc   0x08009494   0x00000008   Data   RW           40    .data.angely_ch     actuator.o
    0x20000104   0x0800949c   0x00000004   Data   RW          103    .data.pr_RxS1       communicate.o
    0x20000108   0x080094a0   0x00000004   Data   RW          105    .data.pr_RxS2       communicate.o
    0x2000010c   0x080094a4   0x00000001   Data   RW          535    .data.uwTickFreq    stm32f1xx_hal.o
    0x2000010d   0x080094a5   0x00000003   PAD
    0x20000110   0x080094a8   0x00000004   Data   RW          534    .data.uwTickPrio    stm32f1xx_hal.o
    0x20000114   0x080094ac   0x00000004   PAD
    0x20000118        -       0x00000060   Zero   RW         1485    .bss                c_w.l(libspace.o)
    0x20000178        -       0x00000048   Zero   RW          118    .bss.JY901_data     jy901.o
    0x200001c0        -       0x00000028   Zero   RW           41    .bss.actuator_state  actuator.o
    0x200001e8        -       0x00000044   Zero   RW          243    .bss.hdma_usart1_rx  usart.o
    0x2000022c        -       0x00000054   Zero   RW          178    .bss.hi2c1          i2c.o
    0x20000280        -       0x00000048   Zero   RW          212    .bss.htim1          tim.o
    0x200002c8        -       0x00000048   Zero   RW          213    .bss.htim2          tim.o
    0x20000310        -       0x00000048   Zero   RW          214    .bss.htim3          tim.o
    0x20000358        -       0x00000048   Zero   RW          215    .bss.htim4          tim.o
    0x200003a0        -       0x00000048   Zero   RW          216    .bss.htim5          tim.o
    0x200003e8        -       0x00000048   Zero   RW          217    .bss.htim6          tim.o
    0x20000430        -       0x00000048   Zero   RW          218    .bss.htim7          tim.o
    0x20000478        -       0x00000048   Zero   RW          219    .bss.htim8          tim.o
    0x200004c0        -       0x00000048   Zero   RW          240    .bss.huart1         usart.o
    0x20000508        -       0x00000048   Zero   RW          241    .bss.huart2         usart.o
    0x20000550        -       0x00000048   Zero   RW          242    .bss.huart3         usart.o
    0x20000598        -       0x00000048   Zero   RW          239    .bss.huart4         usart.o
    0x200005e0        -       0x00000018   Zero   RW           44    .bss.ptz_curgest    actuator.o
    0x200005f8        -       0x0000005c   Zero   RW           43    .bss.ptz_move       actuator.o
    0x20000654        -       0x00000018   Zero   RW           42    .bss.ptz_targest    actuator.o
    0x2000066c        -       0x00000008   Zero   RW           37    .bss.set_angel      actuator.o
    0x20000674        -       0x00000008   Zero   RW          119    .bss.stcAcc         jy901.o
    0x2000067c        -       0x00000008   Zero   RW          121    .bss.stcAngle       jy901.o
    0x20000684        -       0x00000008   Zero   RW          120    .bss.stcGyro        jy901.o
    0x2000068c        -       0x00000004   Zero   RW           49    .bss.task.scan_angelx  actuator.o
    0x20000690        -       0x00000004   Zero   RW           50    .bss.task.scan_angely  actuator.o
    0x20000694        -       0x00000018   Zero   RW           48    .bss.task.task_time  actuator.o
    0x200006ac        -       0x00000018   Zero   RW           47    .bss.task.taskbase  actuator.o
    0x200006c4        -       0x00000004   Zero   RW          536    .bss.uwTick         stm32f1xx_hal.o
    0x200006c8        -       0x00000028   Zero   RW           33    .bss.xpid           actuator.o
    0x200006f0        -       0x00000028   Zero   RW           34    .bss.ypid           actuator.o
    0x20000718        -       0x00000200   Zero   RW            2    HEAP                startup_stm32f103xe.o
    0x20000918        -       0x00000400   Zero   RW            1    STACK               startup_stm32f103xe.o


==============================================================================

Image component sizes


      Code (inc. data)   RO Data    RW Data    ZI Data      Debug   Object Name

      4248         20          0         16        324       8347   actuator.o
      3022          6          0        248          0       7642   communicate.o
        56          0          0          0          0       2322   dma.o
       388          0          0          0          0       1603   gpio.o
       234          0          0          0         84       4495   i2c.o
       472          0          0          0         96       1803   jy901.o
       322          0          0          0          0       1654   main.o
       360          0          0          0          0       1582   pid.o
        64         26        304          0       1536        780   startup_stm32f103xe.o
       254          0          0          5          4       5884   stm32f1xx_hal.o
       482          0          0          0          0       7841   stm32f1xx_hal_cortex.o
      3110          0          0          0          0       7285   stm32f1xx_hal_dma.o
       938          0          0          0          0       4253   stm32f1xx_hal_gpio.o
       676          0          0          0          0      37174   stm32f1xx_hal_i2c.o
       100          0          0          0          0       1192   stm32f1xx_hal_msp.o
      2582          0         18          0          0       7405   stm32f1xx_hal_rcc.o
      4492         14          0          0          0      35600   stm32f1xx_hal_tim.o
       272          0          0          0          0      15065   stm32f1xx_hal_tim_ex.o
      3390          0          0          0          0      19926   stm32f1xx_hal_uart.o
       312          0          0          0          0       2277   stm32f1xx_it.o
         2          0         24          4          0       1564   system_stm32f1xx.o
      2050          0          0          0        576       9878   tim.o
       990          0          0          0        356       6577   usart.o

    ----------------------------------------------------------------------
     28926         66        380        276       2980     192149   Object Totals
         0          0         32          0          0          0   (incl. Generated)
       110          0          2          3          4          0   (incl. Padding)

    ----------------------------------------------------------------------

      Code (inc. data)   RO Data    RW Data    ZI Data      Debug   Library Member Name

         8          0          0          0          0         68   __main.o
         0          0          0          0          0          0   __rtentry.o
        12          0          0          0          0          0   __rtentry2.o
         6          0          0          0          0          0   __rtentry4.o
        52          8          0          0          0          0   __scatter.o
        26          0          0          0          0          0   __scatter_copy.o
        28          0          0          0          0          0   __scatter_zi.o
        22          0          0          0          0        100   _rserrno.o
        18          0          0          0          0         80   exit.o
         6          0          0          0          0        152   heapauxi.o
         0          0          0          0          0          0   indicate_semi.o
         2          0          0          0          0          0   libinit.o
         2          0          0          0          0          0   libinit2.o
         2          0          0          0          0          0   libshutdown.o
         2          0          0          0          0          0   libshutdown2.o
         8          4          0          0         96         68   libspace.o
         8          4          0          0          0         68   rt_errno_addr_intlibspace.o
        78          0          0          0          0         80   rt_memclr_w.o
         2          0          0          0          0          0   rtexit.o
        10          0          0          0          0          0   rtexit2.o
        62          0          0          0          0         76   strlen.o
        12          4          0          0          0         68   sys_exit.o
        74          0          0          0          0         80   sys_stackheap_outer.o
         2          0          0          0          0         68   use_no_semi.o
        98          4          0          0          0         92   d2f.o
       834         16          0          0          0        372   daddsub_clz.o
        16          4          0          0          0         68   dcheck1.o
        24          0          0          0          0         68   dcmpi.o
       692        140          0          0          0        216   ddiv.o
        46          0          0          0          0         68   dflt_clz.o
       120          4          0          0          0         92   dleqf.o
       340         12          0          0          0        104   dmul.o
       156          4          0          0          0         92   dnaninf.o
        12          0          0          0          0         68   dretinf.o
       108          0          0          0          0         80   drleqf.o
       460         56          0          0          0        120   dsqrt_noumaal.o
        86          4          0          0          0         84   f2d.o
       430          8          0          0          0        168   faddsub_clz.o
        84          0          0          0          0        196   fcmp.o
        24          0          0          0          0         68   fcmpi.o
       388         76          0          0          0         96   fdiv.o
       104          4          0          0          0         84   feqf.o
        54          4          0          0          0         84   ffix.o
        48          0          0          0          0         68   fflt_clz.o
       104          4          0          0          0         84   fgeqf.o
       104          4          0          0          0         84   fleqf.o
       258          4          0          0          0         84   fmul.o
       140          4          0          0          0         84   fnaninf.o
        10          0          0          0          0         68   fretinf.o
       100          0          0          0          0         68   retnan.o
        92          0          0          0          0         68   scalbn.o
        48          0          0          0          0         68   trapv.o
         0          0          0          0          0          0   usenofp.o
        62         10          0          0          0        340   dunder.o
        40          0          0          0          0         68   fpclassify.o
       170          0          0          0          0         96   poly.o
      2540        188        136          0          0        332   pow.o
         0          0          8          0          0          0   qnan.o
        76          0          0          0          0         84   sqrt.o

    ----------------------------------------------------------------------
      8330        570        144          0         96       4724   Library Totals
        20          0          0          0          0          0   (incl. Padding)

    ----------------------------------------------------------------------

      Code (inc. data)   RO Data    RW Data    ZI Data      Debug   Library Name

       442         20          0          0         96        908   c_w.l
      4980        352          0          0          0       2896   fz_ws.l
      2888        198        144          0          0        920   m_ws.l

    ----------------------------------------------------------------------
      8330        570        144          0         96       4724   Library Totals

    ----------------------------------------------------------------------

==============================================================================


      Code (inc. data)   RO Data    RW Data    ZI Data      Debug   

     37256        636        524        276       3076     194057   Grand Totals
     37256        636        524        276       3076     194057   ELF Image Totals
     37256        636        524        276          0          0   ROM Totals

==============================================================================

    Total RO  Size (Code + RO Data)                37780 (  36.89kB)
    Total RW  Size (RW Data + ZI Data)              3352 (   3.27kB)
    Total ROM Size (Code + RO Data + RW Data)      38056 (  37.16kB)

==============================================================================

